MPLINK 4.40, Linker
Linker Map File - Created Sun Apr 15 22:34:44 2012

                                 Section Info
                  Section       Type    Address   Location Size(Bytes)
                ---------  ---------  ---------  ---------  ---------
               _entry_scn       code   0x000000    program   0x000006
REMAPPED_HIGH_INTERRUPT_VECTOR       code   0x000008    program   0x000006
REMAPPED_LOW_INTERRUPT_VECTOR       code   0x000018    program   0x000006
                   .cinit    romdata   0x00002a    program   0x000026
   .code_CorpoProgramma.o       code   0x000050    program   0x001e04
       .code_usb_device.o       code   0x001e54    program   0x000d40
              .code_pow.o       code   0x002b94    program   0x000b1e
             .code_main.o       code   0x0036b2    program   0x0009e6
                     PROG       code   0x004098    program   0x000640
              .code_exp.o       code   0x0046d8    program   0x0005c6
              .code_log.o       code   0x004c9e    program   0x0004fa
            .code_fchop.o       code   0x005198    program   0x000292
             .code_FRAM.o       code   0x00542a    program   0x00015a
            .code_ldexp.o       code   0x005584    program   0x000138
            .code_frexp.o       code   0x0056bc    program   0x000124
         .code_UnpkMath.o       code   0x0057e0    program   0x00011c
         .code_PackMath.o       code   0x0058fc    program   0x00011a
        .code_intEEPROM.o       code   0x005a16    program   0x0000d4
 .code_usb_function_hid.o       code   0x005aea    program   0x0000c8
.romdata_usb_descriptors.o    romdata   0x005bb2    program   0x0000c5
        .idata_t0open.o_i    romdata   0x005c77    program   0x000000
           .idata_pow.o_i    romdata   0x005c77    program   0x000000
         .romdata_delay.o    romdata   0x005c77    program   0x000000
         .idata_delay.o_i    romdata   0x005c77    program   0x000001
        .romdata___init.o    romdata   0x005c77    program   0x000000
        .romdata_t0open.o    romdata   0x005c77    program   0x000000
       .romdata_t1write.o    romdata   0x005c77    program   0x000000
       .idata_t1write.o_i    romdata   0x005c77    program   0x000000
       .romdata_t0write.o    romdata   0x005c77    program   0x000000
       .idata_t0write.o_i    romdata   0x005c77    program   0x000000
      .romdata_spi_writ.o    romdata   0x005c77    program   0x000000
        .idata_t1open.o_i    romdata   0x005c77    program   0x000000
        .romdata_t1open.o    romdata   0x005c77    program   0x000000
      .idata_spi_writ.o_i    romdata   0x005c77    program   0x000000
      .romdata_adcsetch.o    romdata   0x005c77    program   0x000000
       .romdata_adcread.o    romdata   0x005c77    program   0x000000
      .romdata_spi_read.o    romdata   0x005c77    program   0x000000
      .idata_spi_read.o_i    romdata   0x005c77    program   0x000000
         .romdata_ldexp.o    romdata   0x005c77    program   0x000000
         .idata_ldexp.o_i    romdata   0x005c77    program   0x000000
         .romdata_frexp.o    romdata   0x005c77    program   0x000000
         .idata_frexp.o_i    romdata   0x005c77    program   0x000000
          .romdata_fabs.o    romdata   0x005c77    program   0x000000
          .idata_fabs.o_i    romdata   0x005c77    program   0x000000
           .romdata_exp.o    romdata   0x005c77    program   0x000000
           .idata_exp.o_i    romdata   0x005c77    program   0x000000
         .romdata_errno.o    romdata   0x005c77    program   0x000000
         .idata_errno.o_i    romdata   0x005c77    program   0x000000
      .romdata_PackMath.o    romdata   0x005c77    program   0x000000
           .idata_log.o_i    romdata   0x005c77    program   0x000000
         .romdata_fchop.o    romdata   0x005c77    program   0x000000
         .idata_fchop.o_i    romdata   0x005c77    program   0x000000
           .romdata_log.o    romdata   0x005c77    program   0x000000
      .romdata_UnpkMath.o    romdata   0x005c77    program   0x000000
     .idata_intEEPROM.o_i    romdata   0x005c77    program   0x000000
     .romdata_intEEPROM.o    romdata   0x005c77    program   0x000000
           .romdata_pow.o    romdata   0x005c77    program   0x000000
.idata_usb_function_hid.o_i    romdata   0x005c77    program   0x000000
          .romdata_FRAM.o    romdata   0x005c77    program   0x000000
  .romdata_L3G4200_gyro.o    romdata   0x005c77    program   0x000000
.romdata_usb_function_hid.o    romdata   0x005c77    program   0x000000
          .romdata_main.o    romdata   0x005c77    program   0x000000
.romdata_CorpoProgramma.o    romdata   0x005c77    program   0x000000
       .romdata_adcbusy.o    romdata   0x005c77    program   0x000000
.idata_usb_descriptors.o_i    romdata   0x005c77    program   0x000000
       .romdata_adcconv.o    romdata   0x005c77    program   0x000000
    .romdata_usb_device.o    romdata   0x005c77    program   0x000000
      .idata_fxd2424u.o_i    romdata   0x005c77    program   0x000000
      .romdata_spi_open.o    romdata   0x005c77    program   0x000000
      .idata_spi_open.o_i    romdata   0x005c77    program   0x000000
       .romdata_adcopen.o    romdata   0x005c77    program   0x000000
    .idata_usb_device.o_i    romdata   0x005c77    program   0x000000
         .romdata_c018i.o    romdata   0x005c77    program   0x000000
      .romdata_fxd2424u.o    romdata   0x005c77    program   0x000000
            .code_delay.o       code   0x005c78    program   0x0000be
     .code_L3G4200_gyro.o       code   0x005d36    program   0x0000ae
               _cinit_scn       code   0x005de4    program   0x00009e
          .code_adcopen.o       code   0x005e82    program   0x00006e
             .code_fabs.o       code   0x005ef0    program   0x000066
         .code_spi_open.o       code   0x005f56    program   0x000064
           .code_t1open.o       code   0x005fba    program   0x000042
         .code_spi_writ.o       code   0x005ffc    program   0x00003c
         .code_fxd2424u.o       code   0x006038    program   0x00003a
          .code_t1write.o       code   0x006072    program   0x000038
          .code_t0write.o       code   0x0060aa    program   0x000038
           .code_t0open.o       code   0x0060e2    program   0x000038
                   STRING       code   0x00611a    program   0x000034
         .code_spi_read.o       code   0x00614e    program   0x00002e
         .code_adcsetch.o       code   0x00617c    program   0x00002e
                    .code       code   0x0061aa    program   0x000020
             _startup_scn       code   0x0061ca    program   0x00001c
             D100TCYXCODE       code   0x0061e6    program   0x00001c
          .code_adcread.o       code   0x006202    program   0x000012
          .code_adcbusy.o       code   0x006214    program   0x00000a
          .code_adcconv.o       code   0x00621e    program   0x000004
           .code___init.o       code   0x006222    program   0x000002
          .idata_main.o_i    romdata   0x006224    program   0x000006
         .idata_c018i.o_i    romdata   0x00622a    program   0x000000
      .idata_PackMath.o_i    romdata   0x00622a    program   0x000000
       .idata_adcopen.o_i    romdata   0x00622a    program   0x000000
.idata_CorpoProgramma.o_i    romdata   0x00622a    program   0x000038
      .idata_UnpkMath.o_i    romdata   0x00622a    program   0x000000
          .idata_FRAM.o_i    romdata   0x00622a    program   0x000000
       .idata_adcread.o_i    romdata   0x00622a    program   0x000000
      .idata_adcsetch.o_i    romdata   0x00622a    program   0x000000
       .idata_adcconv.o_i    romdata   0x00622a    program   0x000000
       .idata_adcbusy.o_i    romdata   0x00622a    program   0x000000
        .idata___init.o_i    romdata   0x00622a    program   0x000000
  .idata_L3G4200_gyro.o_i    romdata   0x00622a    program   0x000000
            .code_c018i.o       code   0x006262    program   0x000000
            .code_errno.o       code   0x006262    program   0x000000
  .code_usb_descriptors.o       code   0x006262    program   0x000000
    .config_300000_main.o    romdata   0x300000    program   0x000001
    .config_300001_main.o    romdata   0x300001    program   0x000001
    .config_300002_main.o    romdata   0x300002    program   0x000001
    .config_300003_main.o    romdata   0x300003    program   0x000001
    .config_300005_main.o    romdata   0x300005    program   0x000001
    .config_300006_main.o    romdata   0x300006    program   0x000001
    .config_300008_main.o    romdata   0x300008    program   0x000001
    .config_300009_main.o    romdata   0x300009    program   0x000001
    .config_30000a_main.o    romdata   0x30000a    program   0x000001
    .config_30000b_main.o    romdata   0x30000b    program   0x000001
    .config_30000c_main.o    romdata   0x30000c    program   0x000001
    .config_30000d_main.o    romdata   0x30000d    program   0x000001
                 .tmpdata      udata   0x000000       data   0x000034
                MATH_DATA      udata   0x000034       data   0x000014
                DELAYDAT1      udata   0x000048       data   0x000001
  .udata_CorpoProgramma.o      udata   0x000060       data   0x000055
  .idata_CorpoProgramma.o      idata   0x0000b5       data   0x000038
            .udata_main.o      udata   0x0000ed       data   0x00000b
            .idata_main.o      idata   0x0000f8       data   0x000006
.udata_usb_function_hid.o      udata   0x0000fe       data   0x000002
                   .stack      udata   0x000300       data   0x000100
                  USB_BDT      udata   0x000400       data   0x000036
      .udata_usb_device.o      udata   0x000436       data   0x00002e
            USB_VARIABLES      udata   0x000500       data   0x000080
                     usb4      udata   0x000580       data   0x000258
           .udata_c018i.o      udata   0x0007d8       data   0x00000a
           .udata_errno.o      udata   0x0007e2       data   0x000002
           .idata_delay.o      idata   0x0007e4       data   0x000001
           .idata_fchop.o      idata   0x0007e5       data   0x000000
           .udata_fchop.o      udata   0x0007e5       data   0x000000
        .idata_UnpkMath.o      idata   0x0007e5       data   0x000000
        .udata_UnpkMath.o      udata   0x0007e5       data   0x000000
             .idata_pow.o      idata   0x0007e5       data   0x000000
             .udata_pow.o      udata   0x0007e5       data   0x000000
           .udata_delay.o      udata   0x0007e5       data   0x000000
          .idata___init.o      idata   0x0007e5       data   0x000000
          .udata___init.o      udata   0x0007e5       data   0x000000
         .idata_t1write.o      idata   0x0007e5       data   0x000000
         .udata_t1write.o      udata   0x0007e5       data   0x000000
         .idata_t0write.o      idata   0x0007e5       data   0x000000
         .udata_t0write.o      udata   0x0007e5       data   0x000000
        .udata_PackMath.o      udata   0x0007e5       data   0x000000
        .idata_PackMath.o      idata   0x0007e5       data   0x000000
           .idata_errno.o      idata   0x0007e5       data   0x000000
             .udata_exp.o      udata   0x0007e5       data   0x000000
             .idata_exp.o      idata   0x0007e5       data   0x000000
            .udata_fabs.o      udata   0x0007e5       data   0x000000
            .idata_fabs.o      idata   0x0007e5       data   0x000000
           .udata_frexp.o      udata   0x0007e5       data   0x000000
           .idata_frexp.o      idata   0x0007e5       data   0x000000
           .udata_ldexp.o      udata   0x0007e5       data   0x000000
           .idata_ldexp.o      idata   0x0007e5       data   0x000000
             .udata_log.o      udata   0x0007e5       data   0x000000
             .idata_log.o      idata   0x0007e5       data   0x000000
       .udata_intEEPROM.o      udata   0x0007e5       data   0x000000
       .idata_intEEPROM.o      idata   0x0007e5       data   0x000000
 .udata_usb_descriptors.o      udata   0x0007e5       data   0x000000
 .idata_usb_descriptors.o      idata   0x0007e5       data   0x000000
      .idata_usb_device.o      idata   0x0007e5       data   0x000000
.idata_usb_function_hid.o      idata   0x0007e5       data   0x000000
            .udata_FRAM.o      udata   0x0007e5       data   0x000000
            .idata_FRAM.o      idata   0x0007e5       data   0x000000
    .udata_L3G4200_gyro.o      udata   0x0007e5       data   0x000000
    .idata_L3G4200_gyro.o      idata   0x0007e5       data   0x000000
         .udata_adcbusy.o      udata   0x0007e5       data   0x000000
         .idata_adcbusy.o      idata   0x0007e5       data   0x000000
         .udata_adcconv.o      udata   0x0007e5       data   0x000000
         .idata_adcconv.o      idata   0x0007e5       data   0x000000
           .idata_c018i.o      idata   0x0007e5       data   0x000000
        .udata_fxd2424u.o      udata   0x0007e5       data   0x000000
        .idata_fxd2424u.o      idata   0x0007e5       data   0x000000
        .idata_spi_writ.o      idata   0x0007e5       data   0x000000
        .udata_spi_writ.o      udata   0x0007e5       data   0x000000
        .idata_adcsetch.o      idata   0x0007e5       data   0x000000
        .udata_adcsetch.o      udata   0x0007e5       data   0x000000
        .idata_spi_read.o      idata   0x0007e5       data   0x000000
        .udata_spi_read.o      udata   0x0007e5       data   0x000000
         .idata_adcread.o      idata   0x0007e5       data   0x000000
         .udata_adcread.o      udata   0x0007e5       data   0x000000
          .idata_t1open.o      idata   0x0007e5       data   0x000000
          .udata_t1open.o      udata   0x0007e5       data   0x000000
          .idata_t0open.o      idata   0x0007e5       data   0x000000
          .udata_t0open.o      udata   0x0007e5       data   0x000000
        .idata_spi_open.o      idata   0x0007e5       data   0x000000
        .udata_spi_open.o      udata   0x0007e5       data   0x000000
         .idata_adcopen.o      idata   0x0007e5       data   0x000000
         .udata_adcopen.o      udata   0x0007e5       data   0x000000
            SFR_UNBANKED0      udata   0x000f66       data   0x00009a



                              Program Memory Usage 
                               Start         End      
                           ---------   ---------      
                            0x000000    0x000005      
                            0x000008    0x00000d      
                            0x000018    0x00001d      
                            0x00002a    0x006261      
                            0x300000    0x300003      
                            0x300005    0x300006      
                            0x300008    0x30000d      
            25174 out of 33048 program addresses used, program memory utilization is 76%



                              Symbols - Sorted by Name
                     Name    Address   Location    Storage File                     
                ---------  ---------  ---------  --------- ---------                
           ADC_get_sample   0x0010d8    program     extern C:\Users\Adriano\Documents\Università\Tesi Magistrale\Elettronica\Firmware\v0.14\CorpoProgramma.c
                  BusyADC   0x006214    program     extern C:\MCC18\v3_39\src\pmc_common\ADC\adcbusy.c
               ConvertADC   0x00621e    program     extern C:\MCC18\v3_39\src\pmc_common\ADC\adcconv.c
                   D100_1   0x0061f4    program     static C:\MCC18\v3_39\src\traditional\delays\d100tcyx.asm
                    D100x   0x0061f2    program     static C:\MCC18\v3_39\src\traditional\delays\d100tcyx.asm
                   D2424S   0x00439a    program     static C:\MCC18\v3_39\src\traditional\math\fxd2424s.asm
                D2424SNEG   0x0043a8    program     static C:\MCC18\v3_39\src\traditional\math\fxd2424s.asm
                 D2424SOK   0x0043a4    program     static C:\MCC18\v3_39\src\traditional\math\fxd2424s.asm
                  D2424SX   0x0043c0    program     static C:\MCC18\v3_39\src\traditional\math\fxd2424s.asm
                  DA2424S   0x004386    program     static C:\MCC18\v3_39\src\traditional\math\fxd2424s.asm
             Delay100TCYx   0x0061e6    program     extern C:\MCC18\v3_39\src\traditional\delays\d100tcyx.asm
                 FLO1632S   0x00409c    program     extern C:\MCC18\v3_39\src\traditional\math\cast16FP.asm
                 FLO1632U   0x004098    program     extern C:\MCC18\v3_39\src\traditional\math\cast16FP.asm
                    FPA32   0x0040c4    program     extern C:\MCC18\v3_39\src\traditional\math\addFP.asm
                    FPD32   0x0041f0    program     extern C:\MCC18\v3_39\src\traditional\math\divFP.asm
                    FPM32   0x004296    program     extern C:\MCC18\v3_39\src\traditional\math\mulFP.asm
                    FPS32   0x0040c2    program     extern C:\MCC18\v3_39\src\traditional\math\addFP.asm
                 FXD2424S   0x004370    program     extern C:\MCC18\v3_39\src\traditional\math\fxd2424s.asm
                 FXD2424U   0x006038    program     extern C:\MCC18\v3_39\src\traditional\math\fxd2424u.c
                 FXM1616S   0x004602    program     extern C:\MCC18\v3_39\src\traditional\math\fxm1616s.asm
                  INT3216   0x0043ca    program     extern C:\MCC18\v3_39\src\traditional\math\castFP16.asm
                  INT3232   0x00465c    program     extern C:\MCC18\v3_39\src\traditional\math\castFP32.asm
         InitializeSystem   0x0037a4    program     static C:\Users\Adriano\Documents\Università\Tesi Magistrale\Elettronica\Firmware\v0.14\main.c
                  OpenADC   0x005e82    program     extern C:\MCC18\v3_39\src\pmc_common\ADC\adcopen.c
                  OpenSPI   0x005f56    program     extern C:\MCC18\v3_39\src\pmc_common\SPI\spi_open.c
               OpenTimer0   0x0060e2    program     extern C:\MCC18\v3_39\src\pmc_common\Timers\t0open.c
               OpenTimer1   0x005fba    program     extern C:\MCC18\v3_39\src\pmc_common\Timers\t1open.c
               Principale   0x000050    program     extern C:\Users\Adriano\Documents\Università\Tesi Magistrale\Elettronica\Firmware\v0.14\CorpoProgramma.c
                ProcessIO   0x0039fe    program     extern C:\Users\Adriano\Documents\Università\Tesi Magistrale\Elettronica\Firmware\v0.14\main.c
                  ReadADC   0x006202    program     extern C:\MCC18\v3_39\src\pmc_common\ADC\adcread.c
                  ReadSPI   0x00614e    program     extern C:\MCC18\v3_39\src\pmc_common\SPI\spi_read.c
        Remapped_High_ISR   0x000008    program     extern C:\Users\Adriano\Documents\Università\Tesi Magistrale\Elettronica\Firmware\v0.14\VectorRemapping.h
         Remapped_Low_ISR   0x000018    program     extern C:\Users\Adriano\Documents\Università\Tesi Magistrale\Elettronica\Firmware\v0.14\VectorRemapping.h
               SetChanADC   0x00617c    program     extern C:\MCC18\v3_39\src\pmc_common\ADC\adcsetch.c
                  TAEQB32   0x0046ca    program     extern C:\MCC18\v3_39\src\traditional\math\eqFP.asm
                  TAGTB32   0x004428    program     extern C:\MCC18\v3_39\src\traditional\math\gtFP.asm
                  TALTB32   0x00443a    program     extern C:\MCC18\v3_39\src\traditional\math\ltFP.asm
               TSIGN1616A   0x00464e    program     static C:\MCC18\v3_39\src\traditional\math\fxm1616s.asm
       USBCBCheckOtherReq   0x003e68    program     extern C:\Users\Adriano\Documents\Università\Tesi Magistrale\Elettronica\Firmware\v0.14\main.c
        USBCBErrorHandler   0x003e66    program     extern C:\Users\Adriano\Documents\Università\Tesi Magistrale\Elettronica\Firmware\v0.14\main.c
              USBCBInitEP   0x003e6e    program     extern C:\Users\Adriano\Documents\Università\Tesi Magistrale\Elettronica\Firmware\v0.14\main.c
          USBCBSendResume   0x003e8a    program     extern C:\Users\Adriano\Documents\Università\Tesi Magistrale\Elettronica\Firmware\v0.14\main.c
    USBCBStdSetDscHandler   0x003e6c    program     extern C:\Users\Adriano\Documents\Università\Tesi Magistrale\Elettronica\Firmware\v0.14\main.c
             USBCBSuspend   0x003e60    program     extern C:\Users\Adriano\Documents\Università\Tesi Magistrale\Elettronica\Firmware\v0.14\main.c
     USBCBWakeFromSuspend   0x003e62    program     extern C:\Users\Adriano\Documents\Università\Tesi Magistrale\Elettronica\Firmware\v0.14\main.c
        USBCB_SOF_Handler   0x003e64    program     extern C:\Users\Adriano\Documents\Università\Tesi Magistrale\Elettronica\Firmware\v0.14\main.c
              USBCancelIO   0x0028a6    program     extern C:\Users\Adriano\Documents\Università\Tesi Magistrale\Elettronica\Firmware\v0.14\usb_device.c
       USBCheckHIDRequest   0x005aea    program     extern C:\Users\Adriano\Documents\Università\Tesi Magistrale\Elettronica\Firmware\v0.14\usb_function_hid.c
       USBCheckStdRequest   0x00221c    program     static C:\Users\Adriano\Documents\Università\Tesi Magistrale\Elettronica\Firmware\v0.14\usb_device.c
     USBConfigureEndpoint   0x0027a0    program     static C:\Users\Adriano\Documents\Università\Tesi Magistrale\Elettronica\Firmware\v0.14\usb_device.c
  USBCtrlEPAllowDataStage   0x00245e    program     extern C:\Users\Adriano\Documents\Università\Tesi Magistrale\Elettronica\Firmware\v0.14\usb_device.c
USBCtrlEPAllowStatusStage   0x002414    program     extern C:\Users\Adriano\Documents\Università\Tesi Magistrale\Elettronica\Firmware\v0.14\usb_device.c
         USBCtrlEPService   0x0020a8    program     static C:\Users\Adriano\Documents\Università\Tesi Magistrale\Elettronica\Firmware\v0.14\usb_device.c
 USBCtrlEPServiceComplete   0x00257e    program     static C:\Users\Adriano\Documents\Università\Tesi Magistrale\Elettronica\Firmware\v0.14\usb_device.c
      USBCtrlTrfInHandler   0x0021aa    program     static C:\Users\Adriano\Documents\Università\Tesi Magistrale\Elettronica\Firmware\v0.14\usb_device.c
     USBCtrlTrfOutHandler   0x00218c    program     static C:\Users\Adriano\Documents\Università\Tesi Magistrale\Elettronica\Firmware\v0.14\usb_device.c
      USBCtrlTrfRxService   0x002654    program     static C:\Users\Adriano\Documents\Università\Tesi Magistrale\Elettronica\Firmware\v0.14\usb_device.c
   USBCtrlTrfSetupHandler   0x002144    program     static C:\Users\Adriano\Documents\Università\Tesi Magistrale\Elettronica\Firmware\v0.14\usb_device.c
      USBCtrlTrfTxService   0x0025d8    program     static C:\Users\Adriano\Documents\Università\Tesi Magistrale\Elettronica\Firmware\v0.14\usb_device.c
          USBDeviceAttach   0x0028dc    program     extern C:\Users\Adriano\Documents\Università\Tesi Magistrale\Elettronica\Firmware\v0.14\usb_device.c
          USBDeviceDetach   0x0028d2    program     extern C:\Users\Adriano\Documents\Università\Tesi Magistrale\Elettronica\Firmware\v0.14\usb_device.c
            USBDeviceInit   0x001e54    program     extern C:\Users\Adriano\Documents\Università\Tesi Magistrale\Elettronica\Firmware\v0.14\usb_device.c
           USBDeviceTasks   0x001efc    program     extern C:\Users\Adriano\Documents\Università\Tesi Magistrale\Elettronica\Firmware\v0.14\usb_device.c
        USBEnableEndpoint   0x0027f0    program     extern C:\Users\Adriano\Documents\Università\Tesi Magistrale\Elettronica\Firmware\v0.14\usb_device.c
         USBStallEndpoint   0x002822    program     extern C:\Users\Adriano\Documents\Università\Tesi Magistrale\Elettronica\Firmware\v0.14\usb_device.c
          USBStallHandler   0x00203a    program     static C:\Users\Adriano\Documents\Università\Tesi Magistrale\Elettronica\Firmware\v0.14\usb_device.c
  USBStdFeatureReqHandler   0x0022ce    program     static C:\Users\Adriano\Documents\Università\Tesi Magistrale\Elettronica\Firmware\v0.14\usb_device.c
      USBStdGetDscHandler   0x002498    program     static C:\Users\Adriano\Documents\Università\Tesi Magistrale\Elettronica\Firmware\v0.14\usb_device.c
   USBStdGetStatusHandler   0x002512    program     static C:\Users\Adriano\Documents\Università\Tesi Magistrale\Elettronica\Firmware\v0.14\usb_device.c
      USBStdSetCfgHandler   0x002712    program     static C:\Users\Adriano\Documents\Università\Tesi Magistrale\Elettronica\Firmware\v0.14\usb_device.c
               USBSuspend   0x002060    program     static C:\Users\Adriano\Documents\Università\Tesi Magistrale\Elettronica\Firmware\v0.14\usb_device.c
     USBTransferOnePacket   0x00283c    program     extern C:\Users\Adriano\Documents\Università\Tesi Magistrale\Elettronica\Firmware\v0.14\usb_device.c
       USBWakeFromSuspend   0x002082    program     static C:\Users\Adriano\Documents\Università\Tesi Magistrale\Elettronica\Firmware\v0.14\usb_device.c
               USB_CD_Ptr   0x005c6f    program     extern C:\Users\Adriano\Documents\Università\Tesi Magistrale\Elettronica\Firmware\v0.14\usb_descriptors.c
               USB_SD_Ptr   0x005c71    program     extern C:\Users\Adriano\Documents\Università\Tesi Magistrale\Elettronica\Firmware\v0.14\usb_descriptors.c
USER_USB_CALLBACK_EVENT_HANDLER   0x003ed2    program     extern C:\Users\Adriano\Documents\Università\Tesi Magistrale\Elettronica\Firmware\v0.14\main.c
                 WriteSPI   0x005ffc    program     extern C:\MCC18\v3_39\src\pmc_common\SPI\spi_writ.c
              WriteTimer0   0x0060aa    program     extern C:\MCC18\v3_39\src\pmc_common\Timers\t0write.c
              WriteTimer1   0x006072    program     extern C:\MCC18\v3_39\src\pmc_common\Timers\t1write.c
  YourHighPriorityISRCode   0x0036b2    program     extern C:\Users\Adriano\Documents\Università\Tesi Magistrale\Elettronica\Firmware\v0.14\main.c
   YourLowPriorityISRCode   0x003770    program     extern C:\Users\Adriano\Documents\Università\Tesi Magistrale\Elettronica\Firmware\v0.14\main.c
              _2jContinue   0x00613a    program     static C:\MCC18\v3_39\src\traditional\stdclib\memset.asm
                   _3jEnd   0x006144    program     static C:\MCC18\v3_39\src\traditional\stdclib\memset.asm
       _D100TCYXCODE_0008   0x0061ee    program     static C:\MCC18\v3_39\src\traditional\delays\d100tcyx.asm
       _D100TCYXCODE_0012   0x0061f8    program     static C:\MCC18\v3_39\src\traditional\delays\d100tcyx.asm
       _D100TCYXCODE_0018   0x0061fe    program     static C:\MCC18\v3_39\src\traditional\delays\d100tcyx.asm
                _PackMath   0x0058fc    program     extern C:\MCC18\v3_39\src\traditional\stdclib\PackMath.c
                _UnpkMath   0x0057e0    program     extern C:\MCC18\v3_39\src\traditional\stdclib\UnpkMath.c
              __FpCompare   0x00444c    program     extern C:\MCC18\v3_39\src\traditional\math\compFP.asm
                 __FpExit   0x004502    program     extern C:\MCC18\v3_39\src\traditional\math\packFP.asm
                 __FpPack   0x00452e    program     extern C:\MCC18\v3_39\src\traditional\math\packFP.asm
            __FpReturnNaN   0x0044f6    program     extern C:\MCC18\v3_39\src\traditional\math\packFP.asm
         __FpReturnNegInf   0x004508    program     extern C:\MCC18\v3_39\src\traditional\math\packFP.asm
        __FpReturnNegZero   0x004520    program     extern C:\MCC18\v3_39\src\traditional\math\packFP.asm
         __FpReturnPosInf   0x00450e    program     extern C:\MCC18\v3_39\src\traditional\math\packFP.asm
        __FpReturnPosZero   0x004528    program     extern C:\MCC18\v3_39\src\traditional\math\packFP.asm
        __FpReturnSignInf   0x004504    program     extern C:\MCC18\v3_39\src\traditional\math\packFP.asm
       __FpReturnSignZero   0x00451c    program     extern C:\MCC18\v3_39\src\traditional\math\packFP.asm
              __FpReturnW   0x004586    program     extern C:\MCC18\v3_39\src\traditional\math\packFP.asm
              __FpUnPackA   0x0045a6    program     extern C:\MCC18\v3_39\src\traditional\math\UnpackFP.asm
              __FpUnPackB   0x0045d6    program     extern C:\MCC18\v3_39\src\traditional\math\UnpackFP.asm
       ___return_lbl00000   0x00000c    program     static                          
       ___return_lbl00000   0x000004    program     static                          
       ___return_lbl00000   0x006070    program     static                          
       ___return_lbl00001   0x00001c    program     static                          
       ___return_lbl00001   0x0061e4    program     static                          
       ___return_lbl00002   0x005e80    program     static                          
               __config_0   0x300000    program     static C:\Users\Adriano\Documents\Università\Tesi Magistrale\Elettronica\Firmware\v0.14\main.c
               __config_1   0x300001    program     static C:\Users\Adriano\Documents\Università\Tesi Magistrale\Elettronica\Firmware\v0.14\main.c
              __config_10   0x30000c    program     static C:\Users\Adriano\Documents\Università\Tesi Magistrale\Elettronica\Firmware\v0.14\main.c
              __config_11   0x30000d    program     static C:\Users\Adriano\Documents\Università\Tesi Magistrale\Elettronica\Firmware\v0.14\main.c
               __config_2   0x300002    program     static C:\Users\Adriano\Documents\Università\Tesi Magistrale\Elettronica\Firmware\v0.14\main.c
               __config_3   0x300003    program     static C:\Users\Adriano\Documents\Università\Tesi Magistrale\Elettronica\Firmware\v0.14\main.c
               __config_4   0x300005    program     static C:\Users\Adriano\Documents\Università\Tesi Magistrale\Elettronica\Firmware\v0.14\main.c
               __config_5   0x300006    program     static C:\Users\Adriano\Documents\Università\Tesi Magistrale\Elettronica\Firmware\v0.14\main.c
               __config_6   0x300008    program     static C:\Users\Adriano\Documents\Università\Tesi Magistrale\Elettronica\Firmware\v0.14\main.c
               __config_7   0x300009    program     static C:\Users\Adriano\Documents\Università\Tesi Magistrale\Elettronica\Firmware\v0.14\main.c
               __config_8   0x30000a    program     static C:\Users\Adriano\Documents\Università\Tesi Magistrale\Elettronica\Firmware\v0.14\main.c
               __config_9   0x30000b    program     static C:\Users\Adriano\Documents\Università\Tesi Magistrale\Elettronica\Firmware\v0.14\main.c
                   __init   0x006222    program     extern C:\MCC18\v3_39\src\traditional\stdclib\__init.c
                   __pa_0   0x0014a8    program     static C:\Users\Adriano\Documents\Università\Tesi Magistrale\Elettronica\Firmware\v0.14\CorpoProgramma.c
                   __pa_0   0x0058ee    program     static C:\MCC18\v3_39\src\traditional\stdclib\UnpkMath.c
                   __pa_0   0x005412    program     static C:\MCC18\v3_39\src\traditional\stdclib\fchop.c
                   __pa_0   0x002900    program     static C:\Users\Adriano\Documents\Università\Tesi Magistrale\Elettronica\Firmware\v0.14\usb_device.c
                   __pa_0   0x0059c4    program     static C:\MCC18\v3_39\src\traditional\stdclib\PackMath.c
                   __pa_0   0x0057c4    program     static C:\MCC18\v3_39\src\traditional\stdclib\frexp.c
                   __pa_0   0x005dc6    program     static C:\Users\Adriano\Documents\Università\Tesi Magistrale\Elettronica\Firmware\v0.14\L3G4200_gyro.c
                   __pa_0   0x0033bc    program     static C:\MCC18\v3_39\src\traditional\stdclib\pow.c
                   __pa_0   0x003f9c    program     static C:\Users\Adriano\Documents\Università\Tesi Magistrale\Elettronica\Firmware\v0.14\main.c
                   __pa_0   0x0054f8    program     static C:\Users\Adriano\Documents\Università\Tesi Magistrale\Elettronica\Firmware\v0.14\FRAM.c
                   __pa_0   0x004b68    program     static C:\MCC18\v3_39\src\traditional\stdclib\exp.c
                   __pa_0   0x005064    program     static C:\MCC18\v3_39\src\traditional\stdclib\log.c
                   __pa_0   0x0056b2    program     static C:\MCC18\v3_39\src\traditional\stdclib\ldexp.c
                   __pa_1   0x0033d2    program     static C:\MCC18\v3_39\src\traditional\stdclib\pow.c
                   __pa_1   0x003fae    program     static C:\Users\Adriano\Documents\Università\Tesi Magistrale\Elettronica\Firmware\v0.14\main.c
                   __pa_1   0x00541c    program     static C:\MCC18\v3_39\src\traditional\stdclib\fchop.c
                   __pa_1   0x0057d2    program     static C:\MCC18\v3_39\src\traditional\stdclib\frexp.c
                   __pa_1   0x001518    program     static C:\Users\Adriano\Documents\Università\Tesi Magistrale\Elettronica\Firmware\v0.14\CorpoProgramma.c
                   __pa_1   0x005070    program     static C:\MCC18\v3_39\src\traditional\stdclib\log.c
                   __pa_1   0x002908    program     static C:\Users\Adriano\Documents\Università\Tesi Magistrale\Elettronica\Firmware\v0.14\usb_device.c
                   __pa_1   0x0059d4    program     static C:\MCC18\v3_39\src\traditional\stdclib\PackMath.c
                   __pa_1   0x005dd8    program     static C:\Users\Adriano\Documents\Università\Tesi Magistrale\Elettronica\Firmware\v0.14\L3G4200_gyro.c
                   __pa_1   0x005518    program     static C:\Users\Adriano\Documents\Università\Tesi Magistrale\Elettronica\Firmware\v0.14\FRAM.c
                   __pa_1   0x004b70    program     static C:\MCC18\v3_39\src\traditional\stdclib\exp.c
                  __pa_10   0x0034cc    program     static C:\MCC18\v3_39\src\traditional\stdclib\pow.c
                  __pa_10   0x004c4e    program     static C:\MCC18\v3_39\src\traditional\stdclib\exp.c
                  __pa_10   0x00403a    program     static C:\Users\Adriano\Documents\Università\Tesi Magistrale\Elettronica\Firmware\v0.14\main.c
                  __pa_10   0x005572    program     static C:\Users\Adriano\Documents\Università\Tesi Magistrale\Elettronica\Firmware\v0.14\FRAM.c
                  __pa_10   0x002966    program     static C:\Users\Adriano\Documents\Università\Tesi Magistrale\Elettronica\Firmware\v0.14\usb_device.c
                  __pa_10   0x005126    program     static C:\MCC18\v3_39\src\traditional\stdclib\log.c
                  __pa_10   0x001662    program     static C:\Users\Adriano\Documents\Università\Tesi Magistrale\Elettronica\Firmware\v0.14\CorpoProgramma.c
                 __pa_100   0x001c06    program     static C:\Users\Adriano\Documents\Università\Tesi Magistrale\Elettronica\Firmware\v0.14\CorpoProgramma.c
                 __pa_101   0x001c0c    program     static C:\Users\Adriano\Documents\Università\Tesi Magistrale\Elettronica\Firmware\v0.14\CorpoProgramma.c
                 __pa_102   0x001c14    program     static C:\Users\Adriano\Documents\Università\Tesi Magistrale\Elettronica\Firmware\v0.14\CorpoProgramma.c
                 __pa_103   0x001c20    program     static C:\Users\Adriano\Documents\Università\Tesi Magistrale\Elettronica\Firmware\v0.14\CorpoProgramma.c
                 __pa_104   0x001c2a    program     static C:\Users\Adriano\Documents\Università\Tesi Magistrale\Elettronica\Firmware\v0.14\CorpoProgramma.c
                 __pa_105   0x001c32    program     static C:\Users\Adriano\Documents\Università\Tesi Magistrale\Elettronica\Firmware\v0.14\CorpoProgramma.c
                 __pa_106   0x001c48    program     static C:\Users\Adriano\Documents\Università\Tesi Magistrale\Elettronica\Firmware\v0.14\CorpoProgramma.c
                 __pa_107   0x001c50    program     static C:\Users\Adriano\Documents\Università\Tesi Magistrale\Elettronica\Firmware\v0.14\CorpoProgramma.c
                 __pa_108   0x001c64    program     static C:\Users\Adriano\Documents\Università\Tesi Magistrale\Elettronica\Firmware\v0.14\CorpoProgramma.c
                 __pa_109   0x001c78    program     static C:\Users\Adriano\Documents\Università\Tesi Magistrale\Elettronica\Firmware\v0.14\CorpoProgramma.c
                  __pa_11   0x00297a    program     static C:\Users\Adriano\Documents\Università\Tesi Magistrale\Elettronica\Firmware\v0.14\usb_device.c
                  __pa_11   0x004c60    program     static C:\MCC18\v3_39\src\traditional\stdclib\exp.c
                  __pa_11   0x001672    program     static C:\Users\Adriano\Documents\Università\Tesi Magistrale\Elettronica\Firmware\v0.14\CorpoProgramma.c
                  __pa_11   0x00557c    program     static C:\Users\Adriano\Documents\Università\Tesi Magistrale\Elettronica\Firmware\v0.14\FRAM.c
                  __pa_11   0x00404c    program     static C:\Users\Adriano\Documents\Università\Tesi Magistrale\Elettronica\Firmware\v0.14\main.c
                  __pa_11   0x0034f2    program     static C:\MCC18\v3_39\src\traditional\stdclib\pow.c
                  __pa_11   0x00512e    program     static C:\MCC18\v3_39\src\traditional\stdclib\log.c
                 __pa_110   0x001c8c    program     static C:\Users\Adriano\Documents\Università\Tesi Magistrale\Elettronica\Firmware\v0.14\CorpoProgramma.c
                 __pa_111   0x001ca0    program     static C:\Users\Adriano\Documents\Università\Tesi Magistrale\Elettronica\Firmware\v0.14\CorpoProgramma.c
                 __pa_112   0x001caa    program     static C:\Users\Adriano\Documents\Università\Tesi Magistrale\Elettronica\Firmware\v0.14\CorpoProgramma.c
                 __pa_113   0x001cbc    program     static C:\Users\Adriano\Documents\Università\Tesi Magistrale\Elettronica\Firmware\v0.14\CorpoProgramma.c
                 __pa_114   0x001cce    program     static C:\Users\Adriano\Documents\Università\Tesi Magistrale\Elettronica\Firmware\v0.14\CorpoProgramma.c
                 __pa_115   0x001ce0    program     static C:\Users\Adriano\Documents\Università\Tesi Magistrale\Elettronica\Firmware\v0.14\CorpoProgramma.c
                 __pa_116   0x001cf2    program     static C:\Users\Adriano\Documents\Università\Tesi Magistrale\Elettronica\Firmware\v0.14\CorpoProgramma.c
                 __pa_117   0x001d04    program     static C:\Users\Adriano\Documents\Università\Tesi Magistrale\Elettronica\Firmware\v0.14\CorpoProgramma.c
                 __pa_118   0x001d16    program     static C:\Users\Adriano\Documents\Università\Tesi Magistrale\Elettronica\Firmware\v0.14\CorpoProgramma.c
                 __pa_119   0x001d28    program     static C:\Users\Adriano\Documents\Università\Tesi Magistrale\Elettronica\Firmware\v0.14\CorpoProgramma.c
                  __pa_12   0x001688    program     static C:\Users\Adriano\Documents\Università\Tesi Magistrale\Elettronica\Firmware\v0.14\CorpoProgramma.c
                  __pa_12   0x004c72    program     static C:\MCC18\v3_39\src\traditional\stdclib\exp.c
                  __pa_12   0x002984    program     static C:\Users\Adriano\Documents\Università\Tesi Magistrale\Elettronica\Firmware\v0.14\usb_device.c
                  __pa_12   0x005140    program     static C:\MCC18\v3_39\src\traditional\stdclib\log.c
                  __pa_12   0x00405a    program     static C:\Users\Adriano\Documents\Università\Tesi Magistrale\Elettronica\Firmware\v0.14\main.c
                  __pa_12   0x003504    program     static C:\MCC18\v3_39\src\traditional\stdclib\pow.c
                 __pa_120   0x001d32    program     static C:\Users\Adriano\Documents\Università\Tesi Magistrale\Elettronica\Firmware\v0.14\CorpoProgramma.c
                 __pa_121   0x001d3c    program     static C:\Users\Adriano\Documents\Università\Tesi Magistrale\Elettronica\Firmware\v0.14\CorpoProgramma.c
                 __pa_122   0x001d46    program     static C:\Users\Adriano\Documents\Università\Tesi Magistrale\Elettronica\Firmware\v0.14\CorpoProgramma.c
                 __pa_123   0x001d52    program     static C:\Users\Adriano\Documents\Università\Tesi Magistrale\Elettronica\Firmware\v0.14\CorpoProgramma.c
                 __pa_124   0x001d5a    program     static C:\Users\Adriano\Documents\Università\Tesi Magistrale\Elettronica\Firmware\v0.14\CorpoProgramma.c
                 __pa_125   0x001d62    program     static C:\Users\Adriano\Documents\Università\Tesi Magistrale\Elettronica\Firmware\v0.14\CorpoProgramma.c
                 __pa_126   0x001d72    program     static C:\Users\Adriano\Documents\Università\Tesi Magistrale\Elettronica\Firmware\v0.14\CorpoProgramma.c
                 __pa_127   0x001d80    program     static C:\Users\Adriano\Documents\Università\Tesi Magistrale\Elettronica\Firmware\v0.14\CorpoProgramma.c
                 __pa_128   0x001d8e    program     static C:\Users\Adriano\Documents\Università\Tesi Magistrale\Elettronica\Firmware\v0.14\CorpoProgramma.c
                 __pa_129   0x001d9c    program     static C:\Users\Adriano\Documents\Università\Tesi Magistrale\Elettronica\Firmware\v0.14\CorpoProgramma.c
                  __pa_13   0x003516    program     static C:\MCC18\v3_39\src\traditional\stdclib\pow.c
                  __pa_13   0x004068    program     static C:\Users\Adriano\Documents\Università\Tesi Magistrale\Elettronica\Firmware\v0.14\main.c
                  __pa_13   0x00515a    program     static C:\MCC18\v3_39\src\traditional\stdclib\log.c
                  __pa_13   0x001692    program     static C:\Users\Adriano\Documents\Università\Tesi Magistrale\Elettronica\Firmware\v0.14\CorpoProgramma.c
                  __pa_13   0x004c7e    program     static C:\MCC18\v3_39\src\traditional\stdclib\exp.c
                  __pa_13   0x0029a4    program     static C:\Users\Adriano\Documents\Università\Tesi Magistrale\Elettronica\Firmware\v0.14\usb_device.c
                 __pa_130   0x001daa    program     static C:\Users\Adriano\Documents\Università\Tesi Magistrale\Elettronica\Firmware\v0.14\CorpoProgramma.c
                 __pa_131   0x001db8    program     static C:\Users\Adriano\Documents\Università\Tesi Magistrale\Elettronica\Firmware\v0.14\CorpoProgramma.c
                 __pa_132   0x001dc6    program     static C:\Users\Adriano\Documents\Università\Tesi Magistrale\Elettronica\Firmware\v0.14\CorpoProgramma.c
                 __pa_133   0x001dcc    program     static C:\Users\Adriano\Documents\Università\Tesi Magistrale\Elettronica\Firmware\v0.14\CorpoProgramma.c
                 __pa_134   0x001dd4    program     static C:\Users\Adriano\Documents\Università\Tesi Magistrale\Elettronica\Firmware\v0.14\CorpoProgramma.c
                 __pa_135   0x001de2    program     static C:\Users\Adriano\Documents\Università\Tesi Magistrale\Elettronica\Firmware\v0.14\CorpoProgramma.c
                 __pa_136   0x001dea    program     static C:\Users\Adriano\Documents\Università\Tesi Magistrale\Elettronica\Firmware\v0.14\CorpoProgramma.c
                 __pa_137   0x001df0    program     static C:\Users\Adriano\Documents\Università\Tesi Magistrale\Elettronica\Firmware\v0.14\CorpoProgramma.c
                 __pa_138   0x001dfa    program     static C:\Users\Adriano\Documents\Università\Tesi Magistrale\Elettronica\Firmware\v0.14\CorpoProgramma.c
                 __pa_139   0x001e08    program     static C:\Users\Adriano\Documents\Università\Tesi Magistrale\Elettronica\Firmware\v0.14\CorpoProgramma.c
                  __pa_14   0x004c8c    program     static C:\MCC18\v3_39\src\traditional\stdclib\exp.c
                  __pa_14   0x00516c    program     static C:\MCC18\v3_39\src\traditional\stdclib\log.c
                  __pa_14   0x004072    program     static C:\Users\Adriano\Documents\Università\Tesi Magistrale\Elettronica\Firmware\v0.14\main.c
                  __pa_14   0x003520    program     static C:\MCC18\v3_39\src\traditional\stdclib\pow.c
                  __pa_14   0x0016a0    program     static C:\Users\Adriano\Documents\Università\Tesi Magistrale\Elettronica\Firmware\v0.14\CorpoProgramma.c
                  __pa_14   0x0029b8    program     static C:\Users\Adriano\Documents\Università\Tesi Magistrale\Elettronica\Firmware\v0.14\usb_device.c
                 __pa_140   0x001e16    program     static C:\Users\Adriano\Documents\Università\Tesi Magistrale\Elettronica\Firmware\v0.14\CorpoProgramma.c
                 __pa_141   0x001e24    program     static C:\Users\Adriano\Documents\Università\Tesi Magistrale\Elettronica\Firmware\v0.14\CorpoProgramma.c
                 __pa_142   0x001e32    program     static C:\Users\Adriano\Documents\Università\Tesi Magistrale\Elettronica\Firmware\v0.14\CorpoProgramma.c
                 __pa_143   0x001e3a    program     static C:\Users\Adriano\Documents\Università\Tesi Magistrale\Elettronica\Firmware\v0.14\CorpoProgramma.c
                 __pa_144   0x001e4c    program     static C:\Users\Adriano\Documents\Università\Tesi Magistrale\Elettronica\Firmware\v0.14\CorpoProgramma.c
                  __pa_15   0x0016bc    program     static C:\Users\Adriano\Documents\Università\Tesi Magistrale\Elettronica\Firmware\v0.14\CorpoProgramma.c
                  __pa_15   0x00353a    program     static C:\MCC18\v3_39\src\traditional\stdclib\pow.c
                  __pa_15   0x00407c    program     static C:\Users\Adriano\Documents\Università\Tesi Magistrale\Elettronica\Firmware\v0.14\main.c
                  __pa_15   0x00517e    program     static C:\MCC18\v3_39\src\traditional\stdclib\log.c
                  __pa_15   0x004c96    program     static C:\MCC18\v3_39\src\traditional\stdclib\exp.c
                  __pa_15   0x0029c4    program     static C:\Users\Adriano\Documents\Università\Tesi Magistrale\Elettronica\Firmware\v0.14\usb_device.c
                  __pa_16   0x003552    program     static C:\MCC18\v3_39\src\traditional\stdclib\pow.c
                  __pa_16   0x00518a    program     static C:\MCC18\v3_39\src\traditional\stdclib\log.c
                  __pa_16   0x0029d6    program     static C:\Users\Adriano\Documents\Università\Tesi Magistrale\Elettronica\Firmware\v0.14\usb_device.c
                  __pa_16   0x0016c4    program     static C:\Users\Adriano\Documents\Università\Tesi Magistrale\Elettronica\Firmware\v0.14\CorpoProgramma.c
                  __pa_16   0x004082    program     static C:\Users\Adriano\Documents\Università\Tesi Magistrale\Elettronica\Firmware\v0.14\main.c
                  __pa_17   0x0029f0    program     static C:\Users\Adriano\Documents\Università\Tesi Magistrale\Elettronica\Firmware\v0.14\usb_device.c
                  __pa_17   0x003560    program     static C:\MCC18\v3_39\src\traditional\stdclib\pow.c
                  __pa_17   0x0016d0    program     static C:\Users\Adriano\Documents\Università\Tesi Magistrale\Elettronica\Firmware\v0.14\CorpoProgramma.c
                  __pa_17   0x00408a    program     static C:\Users\Adriano\Documents\Università\Tesi Magistrale\Elettronica\Firmware\v0.14\main.c
                  __pa_18   0x0029fc    program     static C:\Users\Adriano\Documents\Università\Tesi Magistrale\Elettronica\Firmware\v0.14\usb_device.c
                  __pa_18   0x00356e    program     static C:\MCC18\v3_39\src\traditional\stdclib\pow.c
                  __pa_18   0x0016da    program     static C:\Users\Adriano\Documents\Università\Tesi Magistrale\Elettronica\Firmware\v0.14\CorpoProgramma.c
                  __pa_19   0x002a08    program     static C:\Users\Adriano\Documents\Università\Tesi Magistrale\Elettronica\Firmware\v0.14\usb_device.c
                  __pa_19   0x003576    program     static C:\MCC18\v3_39\src\traditional\stdclib\pow.c
                  __pa_19   0x0016e0    program     static C:\Users\Adriano\Documents\Università\Tesi Magistrale\Elettronica\Firmware\v0.14\CorpoProgramma.c
                   __pa_2   0x005082    program     static C:\MCC18\v3_39\src\traditional\stdclib\log.c
                   __pa_2   0x00290e    program     static C:\Users\Adriano\Documents\Università\Tesi Magistrale\Elettronica\Firmware\v0.14\usb_device.c
                   __pa_2   0x004b90    program     static C:\MCC18\v3_39\src\traditional\stdclib\exp.c
                   __pa_2   0x0033da    program     static C:\MCC18\v3_39\src\traditional\stdclib\pow.c
                   __pa_2   0x00552a    program     static C:\Users\Adriano\Documents\Università\Tesi Magistrale\Elettronica\Firmware\v0.14\FRAM.c
                   __pa_2   0x0059e2    program     static C:\MCC18\v3_39\src\traditional\stdclib\PackMath.c
                   __pa_2   0x001582    program     static C:\Users\Adriano\Documents\Università\Tesi Magistrale\Elettronica\Firmware\v0.14\CorpoProgramma.c
                   __pa_2   0x003fba    program     static C:\Users\Adriano\Documents\Università\Tesi Magistrale\Elettronica\Firmware\v0.14\main.c
                  __pa_20   0x003588    program     static C:\MCC18\v3_39\src\traditional\stdclib\pow.c
                  __pa_20   0x0016fa    program     static C:\Users\Adriano\Documents\Università\Tesi Magistrale\Elettronica\Firmware\v0.14\CorpoProgramma.c
                  __pa_20   0x002a10    program     static C:\Users\Adriano\Documents\Università\Tesi Magistrale\Elettronica\Firmware\v0.14\usb_device.c
                  __pa_21   0x003594    program     static C:\MCC18\v3_39\src\traditional\stdclib\pow.c
                  __pa_21   0x00170c    program     static C:\Users\Adriano\Documents\Università\Tesi Magistrale\Elettronica\Firmware\v0.14\CorpoProgramma.c
                  __pa_21   0x002a18    program     static C:\Users\Adriano\Documents\Università\Tesi Magistrale\Elettronica\Firmware\v0.14\usb_device.c
                  __pa_22   0x001712    program     static C:\Users\Adriano\Documents\Università\Tesi Magistrale\Elettronica\Firmware\v0.14\CorpoProgramma.c
                  __pa_22   0x0035a6    program     static C:\MCC18\v3_39\src\traditional\stdclib\pow.c
                  __pa_22   0x002a24    program     static C:\Users\Adriano\Documents\Università\Tesi Magistrale\Elettronica\Firmware\v0.14\usb_device.c
                  __pa_23   0x00171c    program     static C:\Users\Adriano\Documents\Università\Tesi Magistrale\Elettronica\Firmware\v0.14\CorpoProgramma.c
                  __pa_23   0x0035b8    program     static C:\MCC18\v3_39\src\traditional\stdclib\pow.c
                  __pa_23   0x002a34    program     static C:\Users\Adriano\Documents\Università\Tesi Magistrale\Elettronica\Firmware\v0.14\usb_device.c
                  __pa_24   0x001732    program     static C:\Users\Adriano\Documents\Università\Tesi Magistrale\Elettronica\Firmware\v0.14\CorpoProgramma.c
                  __pa_24   0x002a44    program     static C:\Users\Adriano\Documents\Università\Tesi Magistrale\Elettronica\Firmware\v0.14\usb_device.c
                  __pa_24   0x0035c4    program     static C:\MCC18\v3_39\src\traditional\stdclib\pow.c
                  __pa_25   0x001738    program     static C:\Users\Adriano\Documents\Università\Tesi Magistrale\Elettronica\Firmware\v0.14\CorpoProgramma.c
                  __pa_25   0x0035d0    program     static C:\MCC18\v3_39\src\traditional\stdclib\pow.c
                  __pa_25   0x002a54    program     static C:\Users\Adriano\Documents\Università\Tesi Magistrale\Elettronica\Firmware\v0.14\usb_device.c
                  __pa_26   0x002a62    program     static C:\Users\Adriano\Documents\Università\Tesi Magistrale\Elettronica\Firmware\v0.14\usb_device.c
                  __pa_26   0x00173e    program     static C:\Users\Adriano\Documents\Università\Tesi Magistrale\Elettronica\Firmware\v0.14\CorpoProgramma.c
                  __pa_26   0x0035e0    program     static C:\MCC18\v3_39\src\traditional\stdclib\pow.c
                  __pa_27   0x001758    program     static C:\Users\Adriano\Documents\Università\Tesi Magistrale\Elettronica\Firmware\v0.14\CorpoProgramma.c
                  __pa_27   0x002a70    program     static C:\Users\Adriano\Documents\Università\Tesi Magistrale\Elettronica\Firmware\v0.14\usb_device.c
                  __pa_27   0x0035ee    program     static C:\MCC18\v3_39\src\traditional\stdclib\pow.c
                  __pa_28   0x001772    program     static C:\Users\Adriano\Documents\Università\Tesi Magistrale\Elettronica\Firmware\v0.14\CorpoProgramma.c
                  __pa_28   0x0035f8    program     static C:\MCC18\v3_39\src\traditional\stdclib\pow.c
                  __pa_28   0x002a7e    program     static C:\Users\Adriano\Documents\Università\Tesi Magistrale\Elettronica\Firmware\v0.14\usb_device.c
                  __pa_29   0x00178c    program     static C:\Users\Adriano\Documents\Università\Tesi Magistrale\Elettronica\Firmware\v0.14\CorpoProgramma.c
                  __pa_29   0x003600    program     static C:\MCC18\v3_39\src\traditional\stdclib\pow.c
                  __pa_29   0x002a8c    program     static C:\Users\Adriano\Documents\Università\Tesi Magistrale\Elettronica\Firmware\v0.14\usb_device.c
                   __pa_3   0x0033f4    program     static C:\MCC18\v3_39\src\traditional\stdclib\pow.c
                   __pa_3   0x004baa    program     static C:\MCC18\v3_39\src\traditional\stdclib\exp.c
                   __pa_3   0x00552e    program     static C:\Users\Adriano\Documents\Università\Tesi Magistrale\Elettronica\Firmware\v0.14\FRAM.c
                   __pa_3   0x0059ec    program     static C:\MCC18\v3_39\src\traditional\stdclib\PackMath.c
                   __pa_3   0x0015a0    program     static C:\Users\Adriano\Documents\Università\Tesi Magistrale\Elettronica\Firmware\v0.14\CorpoProgramma.c
                   __pa_3   0x003fc8    program     static C:\Users\Adriano\Documents\Università\Tesi Magistrale\Elettronica\Firmware\v0.14\main.c
                   __pa_3   0x00509e    program     static C:\MCC18\v3_39\src\traditional\stdclib\log.c
                   __pa_3   0x002912    program     static C:\Users\Adriano\Documents\Università\Tesi Magistrale\Elettronica\Firmware\v0.14\usb_device.c
                  __pa_30   0x001798    program     static C:\Users\Adriano\Documents\Università\Tesi Magistrale\Elettronica\Firmware\v0.14\CorpoProgramma.c
                  __pa_30   0x003608    program     static C:\MCC18\v3_39\src\traditional\stdclib\pow.c
                  __pa_30   0x002a9a    program     static C:\Users\Adriano\Documents\Università\Tesi Magistrale\Elettronica\Firmware\v0.14\usb_device.c
                  __pa_31   0x002aa4    program     static C:\Users\Adriano\Documents\Università\Tesi Magistrale\Elettronica\Firmware\v0.14\usb_device.c
                  __pa_31   0x0017c0    program     static C:\Users\Adriano\Documents\Università\Tesi Magistrale\Elettronica\Firmware\v0.14\CorpoProgramma.c
                  __pa_31   0x00361a    program     static C:\MCC18\v3_39\src\traditional\stdclib\pow.c
                  __pa_32   0x002abc    program     static C:\Users\Adriano\Documents\Università\Tesi Magistrale\Elettronica\Firmware\v0.14\usb_device.c
                  __pa_32   0x0017ce    program     static C:\Users\Adriano\Documents\Università\Tesi Magistrale\Elettronica\Firmware\v0.14\CorpoProgramma.c
                  __pa_32   0x003626    program     static C:\MCC18\v3_39\src\traditional\stdclib\pow.c
                  __pa_33   0x0017da    program     static C:\Users\Adriano\Documents\Università\Tesi Magistrale\Elettronica\Firmware\v0.14\CorpoProgramma.c
                  __pa_33   0x002ac8    program     static C:\Users\Adriano\Documents\Università\Tesi Magistrale\Elettronica\Firmware\v0.14\usb_device.c
                  __pa_33   0x00362c    program     static C:\MCC18\v3_39\src\traditional\stdclib\pow.c
                  __pa_34   0x0017ea    program     static C:\Users\Adriano\Documents\Università\Tesi Magistrale\Elettronica\Firmware\v0.14\CorpoProgramma.c
                  __pa_34   0x002adc    program     static C:\Users\Adriano\Documents\Università\Tesi Magistrale\Elettronica\Firmware\v0.14\usb_device.c
                  __pa_34   0x003634    program     static C:\MCC18\v3_39\src\traditional\stdclib\pow.c
                  __pa_35   0x003640    program     static C:\MCC18\v3_39\src\traditional\stdclib\pow.c
                  __pa_35   0x002ae8    program     static C:\Users\Adriano\Documents\Università\Tesi Magistrale\Elettronica\Firmware\v0.14\usb_device.c
                  __pa_35   0x0017f4    program     static C:\Users\Adriano\Documents\Università\Tesi Magistrale\Elettronica\Firmware\v0.14\CorpoProgramma.c
                  __pa_36   0x0017fc    program     static C:\Users\Adriano\Documents\Università\Tesi Magistrale\Elettronica\Firmware\v0.14\CorpoProgramma.c
                  __pa_36   0x00364e    program     static C:\MCC18\v3_39\src\traditional\stdclib\pow.c
                  __pa_36   0x002af6    program     static C:\Users\Adriano\Documents\Università\Tesi Magistrale\Elettronica\Firmware\v0.14\usb_device.c
                  __pa_37   0x003656    program     static C:\MCC18\v3_39\src\traditional\stdclib\pow.c
                  __pa_37   0x002b08    program     static C:\Users\Adriano\Documents\Università\Tesi Magistrale\Elettronica\Firmware\v0.14\usb_device.c
                  __pa_37   0x001804    program     static C:\Users\Adriano\Documents\Università\Tesi Magistrale\Elettronica\Firmware\v0.14\CorpoProgramma.c
                  __pa_38   0x002b12    program     static C:\Users\Adriano\Documents\Università\Tesi Magistrale\Elettronica\Firmware\v0.14\usb_device.c
                  __pa_38   0x001816    program     static C:\Users\Adriano\Documents\Università\Tesi Magistrale\Elettronica\Firmware\v0.14\CorpoProgramma.c
                  __pa_38   0x003660    program     static C:\MCC18\v3_39\src\traditional\stdclib\pow.c
                  __pa_39   0x001828    program     static C:\Users\Adriano\Documents\Università\Tesi Magistrale\Elettronica\Firmware\v0.14\CorpoProgramma.c
                  __pa_39   0x002b1c    program     static C:\Users\Adriano\Documents\Università\Tesi Magistrale\Elettronica\Firmware\v0.14\usb_device.c
                  __pa_39   0x003668    program     static C:\MCC18\v3_39\src\traditional\stdclib\pow.c
                   __pa_4   0x0059fa    program     static C:\MCC18\v3_39\src\traditional\stdclib\PackMath.c
                   __pa_4   0x0015ba    program     static C:\Users\Adriano\Documents\Università\Tesi Magistrale\Elettronica\Firmware\v0.14\CorpoProgramma.c
                   __pa_4   0x003fda    program     static C:\Users\Adriano\Documents\Università\Tesi Magistrale\Elettronica\Firmware\v0.14\main.c
                   __pa_4   0x00553a    program     static C:\Users\Adriano\Documents\Università\Tesi Magistrale\Elettronica\Firmware\v0.14\FRAM.c
                   __pa_4   0x00291c    program     static C:\Users\Adriano\Documents\Università\Tesi Magistrale\Elettronica\Firmware\v0.14\usb_device.c
                   __pa_4   0x0050a4    program     static C:\MCC18\v3_39\src\traditional\stdclib\log.c
                   __pa_4   0x004bba    program     static C:\MCC18\v3_39\src\traditional\stdclib\exp.c
                   __pa_4   0x003438    program     static C:\MCC18\v3_39\src\traditional\stdclib\pow.c
                  __pa_40   0x001832    program     static C:\Users\Adriano\Documents\Università\Tesi Magistrale\Elettronica\Firmware\v0.14\CorpoProgramma.c
                  __pa_40   0x003672    program     static C:\MCC18\v3_39\src\traditional\stdclib\pow.c
                  __pa_40   0x002b24    program     static C:\Users\Adriano\Documents\Università\Tesi Magistrale\Elettronica\Firmware\v0.14\usb_device.c
                  __pa_41   0x00183c    program     static C:\Users\Adriano\Documents\Università\Tesi Magistrale\Elettronica\Firmware\v0.14\CorpoProgramma.c
                  __pa_41   0x003680    program     static C:\MCC18\v3_39\src\traditional\stdclib\pow.c
                  __pa_41   0x002b2a    program     static C:\Users\Adriano\Documents\Università\Tesi Magistrale\Elettronica\Firmware\v0.14\usb_device.c
                  __pa_42   0x001844    program     static C:\Users\Adriano\Documents\Università\Tesi Magistrale\Elettronica\Firmware\v0.14\CorpoProgramma.c
                  __pa_42   0x003688    program     static C:\MCC18\v3_39\src\traditional\stdclib\pow.c
                  __pa_42   0x002b30    program     static C:\Users\Adriano\Documents\Università\Tesi Magistrale\Elettronica\Firmware\v0.14\usb_device.c
                  __pa_43   0x003694    program     static C:\MCC18\v3_39\src\traditional\stdclib\pow.c
                  __pa_43   0x002b3e    program     static C:\Users\Adriano\Documents\Università\Tesi Magistrale\Elettronica\Firmware\v0.14\usb_device.c
                  __pa_43   0x001858    program     static C:\Users\Adriano\Documents\Università\Tesi Magistrale\Elettronica\Firmware\v0.14\CorpoProgramma.c
                  __pa_44   0x002b4c    program     static C:\Users\Adriano\Documents\Università\Tesi Magistrale\Elettronica\Firmware\v0.14\usb_device.c
                  __pa_44   0x0036a2    program     static C:\MCC18\v3_39\src\traditional\stdclib\pow.c
                  __pa_44   0x00186c    program     static C:\Users\Adriano\Documents\Università\Tesi Magistrale\Elettronica\Firmware\v0.14\CorpoProgramma.c
                  __pa_45   0x002b5a    program     static C:\Users\Adriano\Documents\Università\Tesi Magistrale\Elettronica\Firmware\v0.14\usb_device.c
                  __pa_45   0x0036ac    program     static C:\MCC18\v3_39\src\traditional\stdclib\pow.c
                  __pa_45   0x001878    program     static C:\Users\Adriano\Documents\Università\Tesi Magistrale\Elettronica\Firmware\v0.14\CorpoProgramma.c
                  __pa_46   0x002b64    program     static C:\Users\Adriano\Documents\Università\Tesi Magistrale\Elettronica\Firmware\v0.14\usb_device.c
                  __pa_46   0x001884    program     static C:\Users\Adriano\Documents\Università\Tesi Magistrale\Elettronica\Firmware\v0.14\CorpoProgramma.c
                  __pa_47   0x00188c    program     static C:\Users\Adriano\Documents\Università\Tesi Magistrale\Elettronica\Firmware\v0.14\CorpoProgramma.c
                  __pa_47   0x002b6e    program     static C:\Users\Adriano\Documents\Università\Tesi Magistrale\Elettronica\Firmware\v0.14\usb_device.c
                  __pa_48   0x0018a2    program     static C:\Users\Adriano\Documents\Università\Tesi Magistrale\Elettronica\Firmware\v0.14\CorpoProgramma.c
                  __pa_48   0x002b76    program     static C:\Users\Adriano\Documents\Università\Tesi Magistrale\Elettronica\Firmware\v0.14\usb_device.c
                  __pa_49   0x0018b8    program     static C:\Users\Adriano\Documents\Università\Tesi Magistrale\Elettronica\Firmware\v0.14\CorpoProgramma.c
                  __pa_49   0x002b82    program     static C:\Users\Adriano\Documents\Università\Tesi Magistrale\Elettronica\Firmware\v0.14\usb_device.c
                   __pa_5   0x0050ae    program     static C:\MCC18\v3_39\src\traditional\stdclib\log.c
                   __pa_5   0x00292c    program     static C:\Users\Adriano\Documents\Università\Tesi Magistrale\Elettronica\Firmware\v0.14\usb_device.c
                   __pa_5   0x00345c    program     static C:\MCC18\v3_39\src\traditional\stdclib\pow.c
                   __pa_5   0x004bcc    program     static C:\MCC18\v3_39\src\traditional\stdclib\exp.c
                   __pa_5   0x003ffa    program     static C:\Users\Adriano\Documents\Università\Tesi Magistrale\Elettronica\Firmware\v0.14\main.c
                   __pa_5   0x005546    program     static C:\Users\Adriano\Documents\Università\Tesi Magistrale\Elettronica\Firmware\v0.14\FRAM.c
                   __pa_5   0x005a02    program     static C:\MCC18\v3_39\src\traditional\stdclib\PackMath.c
                   __pa_5   0x0015c2    program     static C:\Users\Adriano\Documents\Università\Tesi Magistrale\Elettronica\Firmware\v0.14\CorpoProgramma.c
                  __pa_50   0x002b8c    program     static C:\Users\Adriano\Documents\Università\Tesi Magistrale\Elettronica\Firmware\v0.14\usb_device.c
                  __pa_50   0x0018cc    program     static C:\Users\Adriano\Documents\Università\Tesi Magistrale\Elettronica\Firmware\v0.14\CorpoProgramma.c
                  __pa_51   0x0018e2    program     static C:\Users\Adriano\Documents\Università\Tesi Magistrale\Elettronica\Firmware\v0.14\CorpoProgramma.c
                  __pa_52   0x0018ea    program     static C:\Users\Adriano\Documents\Università\Tesi Magistrale\Elettronica\Firmware\v0.14\CorpoProgramma.c
                  __pa_53   0x0018f8    program     static C:\Users\Adriano\Documents\Università\Tesi Magistrale\Elettronica\Firmware\v0.14\CorpoProgramma.c
                  __pa_54   0x001906    program     static C:\Users\Adriano\Documents\Università\Tesi Magistrale\Elettronica\Firmware\v0.14\CorpoProgramma.c
                  __pa_55   0x00191a    program     static C:\Users\Adriano\Documents\Università\Tesi Magistrale\Elettronica\Firmware\v0.14\CorpoProgramma.c
                  __pa_56   0x00192c    program     static C:\Users\Adriano\Documents\Università\Tesi Magistrale\Elettronica\Firmware\v0.14\CorpoProgramma.c
                  __pa_57   0x00193e    program     static C:\Users\Adriano\Documents\Università\Tesi Magistrale\Elettronica\Firmware\v0.14\CorpoProgramma.c
                  __pa_58   0x001950    program     static C:\Users\Adriano\Documents\Università\Tesi Magistrale\Elettronica\Firmware\v0.14\CorpoProgramma.c
                  __pa_59   0x001962    program     static C:\Users\Adriano\Documents\Università\Tesi Magistrale\Elettronica\Firmware\v0.14\CorpoProgramma.c
                   __pa_6   0x00161c    program     static C:\Users\Adriano\Documents\Università\Tesi Magistrale\Elettronica\Firmware\v0.14\CorpoProgramma.c
                   __pa_6   0x00554c    program     static C:\Users\Adriano\Documents\Università\Tesi Magistrale\Elettronica\Firmware\v0.14\FRAM.c
                   __pa_6   0x005a0a    program     static C:\MCC18\v3_39\src\traditional\stdclib\PackMath.c
                   __pa_6   0x00400c    program     static C:\Users\Adriano\Documents\Università\Tesi Magistrale\Elettronica\Firmware\v0.14\main.c
                   __pa_6   0x004be2    program     static C:\MCC18\v3_39\src\traditional\stdclib\exp.c
                   __pa_6   0x00346a    program     static C:\MCC18\v3_39\src\traditional\stdclib\pow.c
                   __pa_6   0x0050cc    program     static C:\MCC18\v3_39\src\traditional\stdclib\log.c
                   __pa_6   0x002936    program     static C:\Users\Adriano\Documents\Università\Tesi Magistrale\Elettronica\Firmware\v0.14\usb_device.c
                  __pa_60   0x00196a    program     static C:\Users\Adriano\Documents\Università\Tesi Magistrale\Elettronica\Firmware\v0.14\CorpoProgramma.c
                  __pa_61   0x00197c    program     static C:\Users\Adriano\Documents\Università\Tesi Magistrale\Elettronica\Firmware\v0.14\CorpoProgramma.c
                  __pa_62   0x00198e    program     static C:\Users\Adriano\Documents\Università\Tesi Magistrale\Elettronica\Firmware\v0.14\CorpoProgramma.c
                  __pa_63   0x0019a0    program     static C:\Users\Adriano\Documents\Università\Tesi Magistrale\Elettronica\Firmware\v0.14\CorpoProgramma.c
                  __pa_64   0x0019b2    program     static C:\Users\Adriano\Documents\Università\Tesi Magistrale\Elettronica\Firmware\v0.14\CorpoProgramma.c
                  __pa_65   0x0019c4    program     static C:\Users\Adriano\Documents\Università\Tesi Magistrale\Elettronica\Firmware\v0.14\CorpoProgramma.c
                  __pa_66   0x0019d6    program     static C:\Users\Adriano\Documents\Università\Tesi Magistrale\Elettronica\Firmware\v0.14\CorpoProgramma.c
                  __pa_67   0x0019e8    program     static C:\Users\Adriano\Documents\Università\Tesi Magistrale\Elettronica\Firmware\v0.14\CorpoProgramma.c
                  __pa_68   0x0019fa    program     static C:\Users\Adriano\Documents\Università\Tesi Magistrale\Elettronica\Firmware\v0.14\CorpoProgramma.c
                  __pa_69   0x001a0c    program     static C:\Users\Adriano\Documents\Università\Tesi Magistrale\Elettronica\Firmware\v0.14\CorpoProgramma.c
                   __pa_7   0x001622    program     static C:\Users\Adriano\Documents\Università\Tesi Magistrale\Elettronica\Firmware\v0.14\CorpoProgramma.c
                   __pa_7   0x004c00    program     static C:\MCC18\v3_39\src\traditional\stdclib\exp.c
                   __pa_7   0x004018    program     static C:\Users\Adriano\Documents\Università\Tesi Magistrale\Elettronica\Firmware\v0.14\main.c
                   __pa_7   0x005550    program     static C:\Users\Adriano\Documents\Università\Tesi Magistrale\Elettronica\Firmware\v0.14\FRAM.c
                   __pa_7   0x00347e    program     static C:\MCC18\v3_39\src\traditional\stdclib\pow.c
                   __pa_7   0x0050e6    program     static C:\MCC18\v3_39\src\traditional\stdclib\log.c
                   __pa_7   0x002940    program     static C:\Users\Adriano\Documents\Università\Tesi Magistrale\Elettronica\Firmware\v0.14\usb_device.c
                  __pa_70   0x001a1c    program     static C:\Users\Adriano\Documents\Università\Tesi Magistrale\Elettronica\Firmware\v0.14\CorpoProgramma.c
                  __pa_71   0x001a26    program     static C:\Users\Adriano\Documents\Università\Tesi Magistrale\Elettronica\Firmware\v0.14\CorpoProgramma.c
                  __pa_72   0x001a36    program     static C:\Users\Adriano\Documents\Università\Tesi Magistrale\Elettronica\Firmware\v0.14\CorpoProgramma.c
                  __pa_73   0x001a40    program     static C:\Users\Adriano\Documents\Università\Tesi Magistrale\Elettronica\Firmware\v0.14\CorpoProgramma.c
                  __pa_74   0x001a50    program     static C:\Users\Adriano\Documents\Università\Tesi Magistrale\Elettronica\Firmware\v0.14\CorpoProgramma.c
                  __pa_75   0x001a60    program     static C:\Users\Adriano\Documents\Università\Tesi Magistrale\Elettronica\Firmware\v0.14\CorpoProgramma.c
                  __pa_76   0x001a6e    program     static C:\Users\Adriano\Documents\Università\Tesi Magistrale\Elettronica\Firmware\v0.14\CorpoProgramma.c
                  __pa_77   0x001a7c    program     static C:\Users\Adriano\Documents\Università\Tesi Magistrale\Elettronica\Firmware\v0.14\CorpoProgramma.c
                  __pa_78   0x001a8a    program     static C:\Users\Adriano\Documents\Università\Tesi Magistrale\Elettronica\Firmware\v0.14\CorpoProgramma.c
                  __pa_79   0x001a98    program     static C:\Users\Adriano\Documents\Università\Tesi Magistrale\Elettronica\Firmware\v0.14\CorpoProgramma.c
                   __pa_8   0x002950    program     static C:\Users\Adriano\Documents\Università\Tesi Magistrale\Elettronica\Firmware\v0.14\usb_device.c
                   __pa_8   0x003498    program     static C:\MCC18\v3_39\src\traditional\stdclib\pow.c
                   __pa_8   0x004026    program     static C:\Users\Adriano\Documents\Università\Tesi Magistrale\Elettronica\Firmware\v0.14\main.c
                   __pa_8   0x001634    program     static C:\Users\Adriano\Documents\Università\Tesi Magistrale\Elettronica\Firmware\v0.14\CorpoProgramma.c
                   __pa_8   0x00555e    program     static C:\Users\Adriano\Documents\Università\Tesi Magistrale\Elettronica\Firmware\v0.14\FRAM.c
                   __pa_8   0x004c1c    program     static C:\MCC18\v3_39\src\traditional\stdclib\exp.c
                   __pa_8   0x005100    program     static C:\MCC18\v3_39\src\traditional\stdclib\log.c
                  __pa_80   0x001aa6    program     static C:\Users\Adriano\Documents\Università\Tesi Magistrale\Elettronica\Firmware\v0.14\CorpoProgramma.c
                  __pa_81   0x001ab0    program     static C:\Users\Adriano\Documents\Università\Tesi Magistrale\Elettronica\Firmware\v0.14\CorpoProgramma.c
                  __pa_82   0x001ac2    program     static C:\Users\Adriano\Documents\Università\Tesi Magistrale\Elettronica\Firmware\v0.14\CorpoProgramma.c
                  __pa_83   0x001aca    program     static C:\Users\Adriano\Documents\Università\Tesi Magistrale\Elettronica\Firmware\v0.14\CorpoProgramma.c
                  __pa_84   0x001ad8    program     static C:\Users\Adriano\Documents\Università\Tesi Magistrale\Elettronica\Firmware\v0.14\CorpoProgramma.c
                  __pa_85   0x001ae0    program     static C:\Users\Adriano\Documents\Università\Tesi Magistrale\Elettronica\Firmware\v0.14\CorpoProgramma.c
                  __pa_86   0x001af2    program     static C:\Users\Adriano\Documents\Università\Tesi Magistrale\Elettronica\Firmware\v0.14\CorpoProgramma.c
                  __pa_87   0x001b04    program     static C:\Users\Adriano\Documents\Università\Tesi Magistrale\Elettronica\Firmware\v0.14\CorpoProgramma.c
                  __pa_88   0x001b16    program     static C:\Users\Adriano\Documents\Università\Tesi Magistrale\Elettronica\Firmware\v0.14\CorpoProgramma.c
                  __pa_89   0x001b28    program     static C:\Users\Adriano\Documents\Università\Tesi Magistrale\Elettronica\Firmware\v0.14\CorpoProgramma.c
                   __pa_9   0x001654    program     static C:\Users\Adriano\Documents\Università\Tesi Magistrale\Elettronica\Firmware\v0.14\CorpoProgramma.c
                   __pa_9   0x005568    program     static C:\Users\Adriano\Documents\Università\Tesi Magistrale\Elettronica\Firmware\v0.14\FRAM.c
                   __pa_9   0x004c3a    program     static C:\MCC18\v3_39\src\traditional\stdclib\exp.c
                   __pa_9   0x005116    program     static C:\MCC18\v3_39\src\traditional\stdclib\log.c
                   __pa_9   0x004032    program     static C:\Users\Adriano\Documents\Università\Tesi Magistrale\Elettronica\Firmware\v0.14\main.c
                   __pa_9   0x0034b2    program     static C:\MCC18\v3_39\src\traditional\stdclib\pow.c
                   __pa_9   0x00295a    program     static C:\Users\Adriano\Documents\Università\Tesi Magistrale\Elettronica\Firmware\v0.14\usb_device.c
                  __pa_90   0x001b32    program     static C:\Users\Adriano\Documents\Università\Tesi Magistrale\Elettronica\Firmware\v0.14\CorpoProgramma.c
                  __pa_91   0x001b44    program     static C:\Users\Adriano\Documents\Università\Tesi Magistrale\Elettronica\Firmware\v0.14\CorpoProgramma.c
                  __pa_92   0x001b50    program     static C:\Users\Adriano\Documents\Università\Tesi Magistrale\Elettronica\Firmware\v0.14\CorpoProgramma.c
                  __pa_93   0x001b6c    program     static C:\Users\Adriano\Documents\Università\Tesi Magistrale\Elettronica\Firmware\v0.14\CorpoProgramma.c
                  __pa_94   0x001b7e    program     static C:\Users\Adriano\Documents\Università\Tesi Magistrale\Elettronica\Firmware\v0.14\CorpoProgramma.c
                  __pa_95   0x001b90    program     static C:\Users\Adriano\Documents\Università\Tesi Magistrale\Elettronica\Firmware\v0.14\CorpoProgramma.c
                  __pa_96   0x001b9e    program     static C:\Users\Adriano\Documents\Università\Tesi Magistrale\Elettronica\Firmware\v0.14\CorpoProgramma.c
                  __pa_97   0x001bb8    program     static C:\Users\Adriano\Documents\Università\Tesi Magistrale\Elettronica\Firmware\v0.14\CorpoProgramma.c
                  __pa_98   0x001bd2    program     static C:\Users\Adriano\Documents\Università\Tesi Magistrale\Elettronica\Firmware\v0.14\CorpoProgramma.c
                  __pa_99   0x001bec    program     static C:\Users\Adriano\Documents\Università\Tesi Magistrale\Elettronica\Firmware\v0.14\CorpoProgramma.c
              __tmplbl_24   0x0016c4    program     static                          
              __tmplbl_24   0x00290e    program     static                          
              __tmplbl_26   0x0016c4    program     static                          
              __tmplbl_27   0x0016c4    program     static                          
              __tmplbl_28   0x0016c4    program     static                          
              __tmplbl_33   0x00290e    program     static                          
            __zero_memory   0x0061aa    program     extern C:\MCC18\v3_39\src\traditional\proc\p18F2553.asm
                _do_cinit   0x005de4    program     extern C:\MCC18\v3_39\src\traditional\startup\c018i.c
                   _entry   0x000000    program     extern C:\MCC18\v3_39\src\traditional\startup\c018i.c
                   _false   0x00606c    program     static                          
                   _fchop   0x005198    program     extern C:\MCC18\v3_39\src\traditional\stdclib\fchop.c
                 _startup   0x0061ca    program     extern C:\MCC18\v3_39\src\traditional\startup\c018i.c
autodiagnosi_e_calibrazione   0x000616    program     extern C:\Users\Adriano\Documents\Università\Tesi Magistrale\Elettronica\Firmware\v0.14\CorpoProgramma.c
  azzera_ToSendDataBuffer   0x003f5a    program     extern C:\Users\Adriano\Documents\Università\Tesi Magistrale\Elettronica\Firmware\v0.14\main.c
         azzera_variabili   0x0011b6    program     extern C:\Users\Adriano\Documents\Università\Tesi Magistrale\Elettronica\Firmware\v0.14\CorpoProgramma.c
                compare_l   0x0061c0    program     static C:\MCC18\v3_39\src\traditional\proc\p18F2553.asm
        configDescriptor1   0x005bc4    program     extern C:\Users\Adriano\Documents\Università\Tesi Magistrale\Elettronica\Firmware\v0.14\usb_descriptors.c
              controllore   0x000ce6    program     extern C:\Users\Adriano\Documents\Università\Tesi Magistrale\Elettronica\Firmware\v0.14\CorpoProgramma.c
                copy_loop   0x005e56    program     static                          
            copy_one_byte   0x005e5c    program     static                          
           da_ADC_a_metri   0x001242    program     extern C:\Users\Adriano\Documents\Università\Tesi Magistrale\Elettronica\Firmware\v0.14\CorpoProgramma.c
             da_ADC_a_ms2   0x001388    program     extern C:\Users\Adriano\Documents\Università\Tesi Magistrale\Elettronica\Firmware\v0.14\CorpoProgramma.c
                 delay_ms   0x005c78    program     extern D:\Documenti\Archivio\Elettronica\Software\LaurTec_c18_libraries\delay\delay.c
               device_dsc   0x005bb2    program     extern C:\Users\Adriano\Documents\Università\Tesi Magistrale\Elettronica\Firmware\v0.14\usb_descriptors.c
                     done   0x005e80    program     static                          
             done_copying   0x005e6a    program     static                          
                      exp   0x0046d8    program     extern C:\MCC18\v3_39\src\traditional\stdclib\exp.c
                     fabs   0x005ef0    program     extern C:\MCC18\v3_39\src\traditional\stdclib\fabs.c
               fram_erase   0x0054a4    program     extern C:\Users\Adriano\Documents\Università\Tesi Magistrale\Elettronica\Firmware\v0.14\FRAM.c
                fram_read   0x00545e    program     extern C:\Users\Adriano\Documents\Università\Tesi Magistrale\Elettronica\Firmware\v0.14\FRAM.c
       fram_read_register   0x005496    program     extern C:\Users\Adriano\Documents\Università\Tesi Magistrale\Elettronica\Firmware\v0.14\FRAM.c
               fram_write   0x00543e    program     extern C:\Users\Adriano\Documents\Università\Tesi Magistrale\Elettronica\Firmware\v0.14\FRAM.c
       fram_write_disable   0x005434    program     extern C:\Users\Adriano\Documents\Università\Tesi Magistrale\Elettronica\Firmware\v0.14\FRAM.c
        fram_write_enable   0x00542a    program     extern C:\Users\Adriano\Documents\Università\Tesi Magistrale\Elettronica\Firmware\v0.14\FRAM.c
      fram_write_register   0x005484    program     extern C:\Users\Adriano\Documents\Università\Tesi Magistrale\Elettronica\Firmware\v0.14\FRAM.c
                    frexp   0x0056bc    program     extern C:\MCC18\v3_39\src\traditional\stdclib\frexp.c
          gestione_errori   0x001086    program     extern C:\Users\Adriano\Documents\Università\Tesi Magistrale\Elettronica\Firmware\v0.14\CorpoProgramma.c
            gyro_get_axis   0x005d7a    program     extern C:\Users\Adriano\Documents\Università\Tesi Magistrale\Elettronica\Firmware\v0.14\L3G4200_gyro.c
[...]
                    UEP10   0x000f7a       data     extern C:\MCC18\v3_39\src\traditional\proc\p18F2553.asm
                UEP11bits   0x000f7b       data     extern C:\MCC18\v3_39\src\traditional\proc\p18F2553.asm
                    UEP11   0x000f7b       data     extern C:\MCC18\v3_39\src\traditional\proc\p18F2553.asm
                    UEP12   0x000f7c       data     extern C:\MCC18\v3_39\src\traditional\proc\p18F2553.asm
                UEP12bits   0x000f7c       data     extern C:\MCC18\v3_39\src\traditional\proc\p18F2553.asm
                UEP13bits   0x000f7d       data     extern C:\MCC18\v3_39\src\traditional\proc\p18F2553.asm
                    UEP13   0x000f7d       data     extern C:\MCC18\v3_39\src\traditional\proc\p18F2553.asm
                UEP14bits   0x000f7e       data     extern C:\MCC18\v3_39\src\traditional\proc\p18F2553.asm
                    UEP14   0x000f7e       data     extern C:\MCC18\v3_39\src\traditional\proc\p18F2553.asm
                    UEP15   0x000f7f       data     extern C:\MCC18\v3_39\src\traditional\proc\p18F2553.asm
                UEP15bits   0x000f7f       data     extern C:\MCC18\v3_39\src\traditional\proc\p18F2553.asm
                    PORTA   0x000f80       data     extern C:\MCC18\v3_39\src\traditional\proc\p18F2553.asm
                PORTAbits   0x000f80       data     extern C:\MCC18\v3_39\src\traditional\proc\p18F2553.asm
                    PORTB   0x000f81       data     extern C:\MCC18\v3_39\src\traditional\proc\p18F2553.asm
                PORTBbits   0x000f81       data     extern C:\MCC18\v3_39\src\traditional\proc\p18F2553.asm
                PORTCbits   0x000f82       data     extern C:\MCC18\v3_39\src\traditional\proc\p18F2553.asm
                    PORTC   0x000f82       data     extern C:\MCC18\v3_39\src\traditional\proc\p18F2553.asm
                PORTEbits   0x000f84       data     extern C:\MCC18\v3_39\src\traditional\proc\p18F2553.asm
                    PORTE   0x000f84       data     extern C:\MCC18\v3_39\src\traditional\proc\p18F2553.asm
                 LATAbits   0x000f89       data     extern C:\MCC18\v3_39\src\traditional\proc\p18F2553.asm
                     LATA   0x000f89       data     extern C:\MCC18\v3_39\src\traditional\proc\p18F2553.asm
                 LATBbits   0x000f8a       data     extern C:\MCC18\v3_39\src\traditional\proc\p18F2553.asm
                     LATB   0x000f8a       data     extern C:\MCC18\v3_39\src\traditional\proc\p18F2553.asm
                 LATCbits   0x000f8b       data     extern C:\MCC18\v3_39\src\traditional\proc\p18F2553.asm
                     LATC   0x000f8b       data     extern C:\MCC18\v3_39\src\traditional\proc\p18F2553.asm
                 DDRAbits   0x000f92       data     extern C:\MCC18\v3_39\src\traditional\proc\p18F2553.asm
                TRISAbits   0x000f92       data     extern C:\MCC18\v3_39\src\traditional\proc\p18F2553.asm
                    TRISA   0x000f92       data     extern C:\MCC18\v3_39\src\traditional\proc\p18F2553.asm
                     DDRA   0x000f92       data     extern C:\MCC18\v3_39\src\traditional\proc\p18F2553.asm
                 DDRBbits   0x000f93       data     extern C:\MCC18\v3_39\src\traditional\proc\p18F2553.asm
                     DDRB   0x000f93       data     extern C:\MCC18\v3_39\src\traditional\proc\p18F2553.asm
                TRISBbits   0x000f93       data     extern C:\MCC18\v3_39\src\traditional\proc\p18F2553.asm
                    TRISB   0x000f93       data     extern C:\MCC18\v3_39\src\traditional\proc\p18F2553.asm
                     DDRC   0x000f94       data     extern C:\MCC18\v3_39\src\traditional\proc\p18F2553.asm
                 DDRCbits   0x000f94       data     extern C:\MCC18\v3_39\src\traditional\proc\p18F2553.asm
                TRISCbits   0x000f94       data     extern C:\MCC18\v3_39\src\traditional\proc\p18F2553.asm
                    TRISC   0x000f94       data     extern C:\MCC18\v3_39\src\traditional\proc\p18F2553.asm
              OSCTUNEbits   0x000f9b       data     extern C:\MCC18\v3_39\src\traditional\proc\p18F2553.asm
                  OSCTUNE   0x000f9b       data     extern C:\MCC18\v3_39\src\traditional\proc\p18F2553.asm
                     PIE1   0x000f9d       data     extern C:\MCC18\v3_39\src\traditional\proc\p18F2553.asm
                 PIE1bits   0x000f9d       data     extern C:\MCC18\v3_39\src\traditional\proc\p18F2553.asm
                 PIR1bits   0x000f9e       data     extern C:\MCC18\v3_39\src\traditional\proc\p18F2553.asm
                     PIR1   0x000f9e       data     extern C:\MCC18\v3_39\src\traditional\proc\p18F2553.asm
                     IPR1   0x000f9f       data     extern C:\MCC18\v3_39\src\traditional\proc\p18F2553.asm
                 IPR1bits   0x000f9f       data     extern C:\MCC18\v3_39\src\traditional\proc\p18F2553.asm
                 PIE2bits   0x000fa0       data     extern C:\MCC18\v3_39\src\traditional\proc\p18F2553.asm
                     PIE2   0x000fa0       data     extern C:\MCC18\v3_39\src\traditional\proc\p18F2553.asm
                 PIR2bits   0x000fa1       data     extern C:\MCC18\v3_39\src\traditional\proc\p18F2553.asm
                     PIR2   0x000fa1       data     extern C:\MCC18\v3_39\src\traditional\proc\p18F2553.asm
                 IPR2bits   0x000fa2       data     extern C:\MCC18\v3_39\src\traditional\proc\p18F2553.asm
                     IPR2   0x000fa2       data     extern C:\MCC18\v3_39\src\traditional\proc\p18F2553.asm
               EECON1bits   0x000fa6       data     extern C:\MCC18\v3_39\src\traditional\proc\p18F2553.asm
                   EECON1   0x000fa6       data     extern C:\MCC18\v3_39\src\traditional\proc\p18F2553.asm
                   EECON2   0x000fa7       data     extern C:\MCC18\v3_39\src\traditional\proc\p18F2553.asm
                   EEDATA   0x000fa8       data     extern C:\MCC18\v3_39\src\traditional\proc\p18F2553.asm
                    EEADR   0x000fa9       data     extern C:\MCC18\v3_39\src\traditional\proc\p18F2553.asm
                    RCSTA   0x000fab       data     extern C:\MCC18\v3_39\src\traditional\proc\p18F2553.asm
                RCSTAbits   0x000fab       data     extern C:\MCC18\v3_39\src\traditional\proc\p18F2553.asm
                    TXSTA   0x000fac       data     extern C:\MCC18\v3_39\src\traditional\proc\p18F2553.asm
                TXSTAbits   0x000fac       data     extern C:\MCC18\v3_39\src\traditional\proc\p18F2553.asm
                    TXREG   0x000fad       data     extern C:\MCC18\v3_39\src\traditional\proc\p18F2553.asm
                    RCREG   0x000fae       data     extern C:\MCC18\v3_39\src\traditional\proc\p18F2553.asm
                    SPBRG   0x000faf       data     extern C:\MCC18\v3_39\src\traditional\proc\p18F2553.asm
                   SPBRGH   0x000fb0       data     extern C:\MCC18\v3_39\src\traditional\proc\p18F2553.asm
                T3CONbits   0x000fb1       data     extern C:\MCC18\v3_39\src\traditional\proc\p18F2553.asm
                    T3CON   0x000fb1       data     extern C:\MCC18\v3_39\src\traditional\proc\p18F2553.asm
                    TMR3L   0x000fb2       data     extern C:\MCC18\v3_39\src\traditional\proc\p18F2553.asm
                    TMR3H   0x000fb3       data     extern C:\MCC18\v3_39\src\traditional\proc\p18F2553.asm
                CMCONbits   0x000fb4       data     extern C:\MCC18\v3_39\src\traditional\proc\p18F2553.asm
                    CMCON   0x000fb4       data     extern C:\MCC18\v3_39\src\traditional\proc\p18F2553.asm
               CVRCONbits   0x000fb5       data     extern C:\MCC18\v3_39\src\traditional\proc\p18F2553.asm
                   CVRCON   0x000fb5       data     extern C:\MCC18\v3_39\src\traditional\proc\p18F2553.asm
              ECCP1ASbits   0x000fb6       data     extern C:\MCC18\v3_39\src\traditional\proc\p18F2553.asm
                  ECCP1AS   0x000fb6       data     extern C:\MCC18\v3_39\src\traditional\proc\p18F2553.asm
                   CCP1AS   0x000fb6       data     extern C:\MCC18\v3_39\src\traditional\proc\p18F2553.asm
               CCP1ASbits   0x000fb6       data     extern C:\MCC18\v3_39\src\traditional\proc\p18F2553.asm
                 ECCP1DEL   0x000fb7       data     extern C:\MCC18\v3_39\src\traditional\proc\p18F2553.asm
             ECCP1DELbits   0x000fb7       data     extern C:\MCC18\v3_39\src\traditional\proc\p18F2553.asm
              CCP1DELbits   0x000fb7       data     extern C:\MCC18\v3_39\src\traditional\proc\p18F2553.asm
                  CCP1DEL   0x000fb7       data     extern C:\MCC18\v3_39\src\traditional\proc\p18F2553.asm
              BAUDCONbits   0x000fb8       data     extern C:\MCC18\v3_39\src\traditional\proc\p18F2553.asm
                  BAUDCON   0x000fb8       data     extern C:\MCC18\v3_39\src\traditional\proc\p18F2553.asm
                  BAUDCTL   0x000fb8       data     extern C:\MCC18\v3_39\src\traditional\proc\p18F2553.asm
              BAUDCTLbits   0x000fb8       data     extern C:\MCC18\v3_39\src\traditional\proc\p18F2553.asm
                  CCP2CON   0x000fba       data     extern C:\MCC18\v3_39\src\traditional\proc\p18F2553.asm
              CCP2CONbits   0x000fba       data     extern C:\MCC18\v3_39\src\traditional\proc\p18F2553.asm
                    CCPR2   0x000fbb       data     extern C:\MCC18\v3_39\src\traditional\proc\p18F2553.asm
                   CCPR2L   0x000fbb       data     extern C:\MCC18\v3_39\src\traditional\proc\p18F2553.asm
                   CCPR2H   0x000fbc       data     extern C:\MCC18\v3_39\src\traditional\proc\p18F2553.asm
                  CCP1CON   0x000fbd       data     extern C:\MCC18\v3_39\src\traditional\proc\p18F2553.asm
              CCP1CONbits   0x000fbd       data     extern C:\MCC18\v3_39\src\traditional\proc\p18F2553.asm
                    CCPR1   0x000fbe       data     extern C:\MCC18\v3_39\src\traditional\proc\p18F2553.asm
                   CCPR1L   0x000fbe       data     extern C:\MCC18\v3_39\src\traditional\proc\p18F2553.asm
                   CCPR1H   0x000fbf       data     extern C:\MCC18\v3_39\src\traditional\proc\p18F2553.asm
               ADCON2bits   0x000fc0       data     extern C:\MCC18\v3_39\src\traditional\proc\p18F2553.asm
                   ADCON2   0x000fc0       data     extern C:\MCC18\v3_39\src\traditional\proc\p18F2553.asm
               ADCON1bits   0x000fc1       data     extern C:\MCC18\v3_39\src\traditional\proc\p18F2553.asm
                   ADCON1   0x000fc1       data     extern C:\MCC18\v3_39\src\traditional\proc\p18F2553.asm
                   ADCON0   0x000fc2       data     extern C:\MCC18\v3_39\src\traditional\proc\p18F2553.asm
               ADCON0bits   0x000fc2       data     extern C:\MCC18\v3_39\src\traditional\proc\p18F2553.asm
                    ADRES   0x000fc3       data     extern C:\MCC18\v3_39\src\traditional\proc\p18F2553.asm
                   ADRESL   0x000fc3       data     extern C:\MCC18\v3_39\src\traditional\proc\p18F2553.asm
                   ADRESH   0x000fc4       data     extern C:\MCC18\v3_39\src\traditional\proc\p18F2553.asm
                  SSPCON2   0x000fc5       data     extern C:\MCC18\v3_39\src\traditional\proc\p18F2553.asm
              SSPCON2bits   0x000fc5       data     extern C:\MCC18\v3_39\src\traditional\proc\p18F2553.asm
                  SSPCON1   0x000fc6       data     extern C:\MCC18\v3_39\src\traditional\proc\p18F2553.asm
              SSPCON1bits   0x000fc6       data     extern C:\MCC18\v3_39\src\traditional\proc\p18F2553.asm
                  SSPSTAT   0x000fc7       data     extern C:\MCC18\v3_39\src\traditional\proc\p18F2553.asm
              SSPSTATbits   0x000fc7       data     extern C:\MCC18\v3_39\src\traditional\proc\p18F2553.asm
                   SSPADD   0x000fc8       data     extern C:\MCC18\v3_39\src\traditional\proc\p18F2553.asm
                   SSPBUF   0x000fc9       data     extern C:\MCC18\v3_39\src\traditional\proc\p18F2553.asm
                    T2CON   0x000fca       data     extern C:\MCC18\v3_39\src\traditional\proc\p18F2553.asm
                T2CONbits   0x000fca       data     extern C:\MCC18\v3_39\src\traditional\proc\p18F2553.asm
                      PR2   0x000fcb       data     extern C:\MCC18\v3_39\src\traditional\proc\p18F2553.asm
                     TMR2   0x000fcc       data     extern C:\MCC18\v3_39\src\traditional\proc\p18F2553.asm
                T1CONbits   0x000fcd       data     extern C:\MCC18\v3_39\src\traditional\proc\p18F2553.asm
                    T1CON   0x000fcd       data     extern C:\MCC18\v3_39\src\traditional\proc\p18F2553.asm
                    TMR1L   0x000fce       data     extern C:\MCC18\v3_39\src\traditional\proc\p18F2553.asm
                    TMR1H   0x000fcf       data     extern C:\MCC18\v3_39\src\traditional\proc\p18F2553.asm
                     RCON   0x000fd0       data     extern C:\MCC18\v3_39\src\traditional\proc\p18F2553.asm
                 RCONbits   0x000fd0       data     extern C:\MCC18\v3_39\src\traditional\proc\p18F2553.asm
               WDTCONbits   0x000fd1       data     extern C:\MCC18\v3_39\src\traditional\proc\p18F2553.asm
                   WDTCON   0x000fd1       data     extern C:\MCC18\v3_39\src\traditional\proc\p18F2553.asm
               LVDCONbits   0x000fd2       data     extern C:\MCC18\v3_39\src\traditional\proc\p18F2553.asm
                   LVDCON   0x000fd2       data     extern C:\MCC18\v3_39\src\traditional\proc\p18F2553.asm
              HLVDCONbits   0x000fd2       data     extern C:\MCC18\v3_39\src\traditional\proc\p18F2553.asm
                  HLVDCON   0x000fd2       data     extern C:\MCC18\v3_39\src\traditional\proc\p18F2553.asm
               OSCCONbits   0x000fd3       data     extern C:\MCC18\v3_39\src\traditional\proc\p18F2553.asm
                   OSCCON   0x000fd3       data     extern C:\MCC18\v3_39\src\traditional\proc\p18F2553.asm
                    T0CON   0x000fd5       data     extern C:\MCC18\v3_39\src\traditional\proc\p18F2553.asm
                T0CONbits   0x000fd5       data     extern C:\MCC18\v3_39\src\traditional\proc\p18F2553.asm
                    TMR0L   0x000fd6       data     extern C:\MCC18\v3_39\src\traditional\proc\p18F2553.asm
                    TMR0H   0x000fd7       data     extern C:\MCC18\v3_39\src\traditional\proc\p18F2553.asm
                   STATUS   0x000fd8       data     extern C:\MCC18\v3_39\src\traditional\proc\p18F2553.asm
               STATUSbits   0x000fd8       data     extern C:\MCC18\v3_39\src\traditional\proc\p18F2553.asm
                    FSR2L   0x000fd9       data     extern C:\MCC18\v3_39\src\traditional\proc\p18F2553.asm
                     FSR2   0x000fd9       data     extern C:\MCC18\v3_39\src\traditional\proc\p18F2553.asm
                    FSR2H   0x000fda       data     extern C:\MCC18\v3_39\src\traditional\proc\p18F2553.asm
                   PLUSW2   0x000fdb       data     extern C:\MCC18\v3_39\src\traditional\proc\p18F2553.asm
                  PREINC2   0x000fdc       data     extern C:\MCC18\v3_39\src\traditional\proc\p18F2553.asm
                 POSTDEC2   0x000fdd       data     extern C:\MCC18\v3_39\src\traditional\proc\p18F2553.asm
                 POSTINC2   0x000fde       data     extern C:\MCC18\v3_39\src\traditional\proc\p18F2553.asm
                    INDF2   0x000fdf       data     extern C:\MCC18\v3_39\src\traditional\proc\p18F2553.asm
                      BSR   0x000fe0       data     extern C:\MCC18\v3_39\src\traditional\proc\p18F2553.asm
                    FSR1L   0x000fe1       data     extern C:\MCC18\v3_39\src\traditional\proc\p18F2553.asm
                     FSR1   0x000fe1       data     extern C:\MCC18\v3_39\src\traditional\proc\p18F2553.asm
                    FSR1H   0x000fe2       data     extern C:\MCC18\v3_39\src\traditional\proc\p18F2553.asm
                   PLUSW1   0x000fe3       data     extern C:\MCC18\v3_39\src\traditional\proc\p18F2553.asm
                  PREINC1   0x000fe4       data     extern C:\MCC18\v3_39\src\traditional\proc\p18F2553.asm
                 POSTDEC1   0x000fe5       data     extern C:\MCC18\v3_39\src\traditional\proc\p18F2553.asm
                 POSTINC1   0x000fe6       data     extern C:\MCC18\v3_39\src\traditional\proc\p18F2553.asm
                    INDF1   0x000fe7       data     extern C:\MCC18\v3_39\src\traditional\proc\p18F2553.asm
                     WREG   0x000fe8       data     extern C:\MCC18\v3_39\src\traditional\proc\p18F2553.asm
                     FSR0   0x000fe9       data     extern C:\MCC18\v3_39\src\traditional\proc\p18F2553.asm
                    FSR0L   0x000fe9       data     extern C:\MCC18\v3_39\src\traditional\proc\p18F2553.asm
                    FSR0H   0x000fea       data     extern C:\MCC18\v3_39\src\traditional\proc\p18F2553.asm
                   PLUSW0   0x000feb       data     extern C:\MCC18\v3_39\src\traditional\proc\p18F2553.asm
                  PREINC0   0x000fec       data     extern C:\MCC18\v3_39\src\traditional\proc\p18F2553.asm
                 POSTDEC0   0x000fed       data     extern C:\MCC18\v3_39\src\traditional\proc\p18F2553.asm
                 POSTINC0   0x000fee       data     extern C:\MCC18\v3_39\src\traditional\proc\p18F2553.asm
                    INDF0   0x000fef       data     extern C:\MCC18\v3_39\src\traditional\proc\p18F2553.asm
              INTCON3bits   0x000ff0       data     extern C:\MCC18\v3_39\src\traditional\proc\p18F2553.asm
                  INTCON3   0x000ff0       data     extern C:\MCC18\v3_39\src\traditional\proc\p18F2553.asm
              INTCON2bits   0x000ff1       data     extern C:\MCC18\v3_39\src\traditional\proc\p18F2553.asm
                  INTCON2   0x000ff1       data     extern C:\MCC18\v3_39\src\traditional\proc\p18F2553.asm
               INTCONbits   0x000ff2       data     extern C:\MCC18\v3_39\src\traditional\proc\p18F2553.asm
                   INTCON   0x000ff2       data     extern C:\MCC18\v3_39\src\traditional\proc\p18F2553.asm
                     PROD   0x000ff3       data     extern C:\MCC18\v3_39\src\traditional\proc\p18F2553.asm
                    PRODL   0x000ff3       data     extern C:\MCC18\v3_39\src\traditional\proc\p18F2553.asm
                    PRODH   0x000ff4       data     extern C:\MCC18\v3_39\src\traditional\proc\p18F2553.asm
                   TABLAT   0x000ff5       data     extern C:\MCC18\v3_39\src\traditional\proc\p18F2553.asm
                  TBLPTRL   0x000ff6       data     extern C:\MCC18\v3_39\src\traditional\proc\p18F2553.asm
                   TBLPTR   0x000ff6       data     extern C:\MCC18\v3_39\src\traditional\proc\p18F2553.asm
                  TBLPTRH   0x000ff7       data     extern C:\MCC18\v3_39\src\traditional\proc\p18F2553.asm
                  TBLPTRU   0x000ff8       data     extern C:\MCC18\v3_39\src\traditional\proc\p18F2553.asm
                       PC   0x000ff9       data     extern C:\MCC18\v3_39\src\traditional\proc\p18F2553.asm
                      PCL   0x000ff9       data     extern C:\MCC18\v3_39\src\traditional\proc\p18F2553.asm
                   PCLATH   0x000ffa       data     extern C:\MCC18\v3_39\src\traditional\proc\p18F2553.asm
                   PCLATU   0x000ffb       data     extern C:\MCC18\v3_39\src\traditional\proc\p18F2553.asm
                   STKPTR   0x000ffc       data     extern C:\MCC18\v3_39\src\traditional\proc\p18F2553.asm
               STKPTRbits   0x000ffc       data     extern C:\MCC18\v3_39\src\traditional\proc\p18F2553.asm
                      TOS   0x000ffd       data     extern C:\MCC18\v3_39\src\traditional\proc\p18F2553.asm
                     TOSL   0x000ffd       data     extern C:\MCC18\v3_39\src\traditional\proc\p18F2553.asm
                     TOSH   0x000ffe       data     extern C:\MCC18\v3_39\src\traditional\proc\p18F2553.asm
                     TOSU   0x000fff       data     extern C:\MCC18\v3_39\src\traditional\proc\p18F2553.asm


